<html>
<body>
<pre>
<h1>µVision Build Log</h1>
<h2>Tool Versions:</h2>
IDE-Version: µVision V5.38.0.0
Copyright (C) 2022 ARM Ltd and ARM Germany GmbH. All rights reserved.
License Information: Michele Cazzola, Politecnico di Torino, LIC=----
 
Tool Versions:
Toolchain:       MDK-Lite  Version: 5.38.0.0
Toolchain Path:  C:\Keil_v5\ARM\ARMCLANG5\Bin
C Compiler:      Armcc.exe V5.06 update 7 (build 960)
Assembler:       Armasm.exe V5.06 update 7 (build 960)
Linker/Locator:  ArmLink.exe V5.06 update 7 (build 960)
Library Manager: ArmAr.exe V5.06 update 7 (build 960)
Hex Converter:   FromElf.exe V5.06 update 7 (build 960)
CPU DLL:         SARMCM3.DLL V5.38.0.0
Dialog DLL:      DARMP1.DLL V1.28.1.0
Target DLL:      UL2CM3.DLL V1.164.8.0
Dialog DLL:      TARMP1.DLL V1.27.1.0
 
<h2>Project:</h2>
C:\michele\uni\polito\quarto_anno\primo_semestre\architetture_sistemi_elaborazione\laboratori\Extra_point\12_sample_GLCD_TP\sample.uvprojx
Project File Date:  12/22/2023

<h2>Output:</h2>
*** Using Compiler 'V5.06 update 7 (build 960)', folder: 'C:\Keil_v5\ARM\ARMCLANG5\Bin'
Rebuild target 'Target 1'
assembling startup_LPC17xx.s...
compiling AsciiLib.c...
compiling core_cm3.c...
compiling system_LPC17xx.c...
compiling lib_timer.c...
compiling IRQ_timer.c...
timer\../quoridor/../graphics/interface.h(49): warning:  #1295-D: Deprecated declaration clearMessage - give arg types
  void clearMessage();
timer\../quoridor/quoridor.h(43): warning:  #1295-D: Deprecated declaration rotateWall - give arg types
  void rotateWall();
timer\../quoridor/quoridor.h(44): warning:  #1295-D: Deprecated declaration confirmWall - give arg types
  void confirmWall();
timer\../quoridor/quoridor.h(45): warning:  #1295-D: Deprecated declaration undoWall - give arg types
  void undoWall();
timer\../quoridor/quoridor.h(48): warning:  #1-D: last line of file ends without a newline
  #endif
timer\IRQ_timer.c: 5 warnings, 0 errors
compiling sample.c...
quoridor/../graphics/interface.h(49): warning:  #1295-D: Deprecated declaration clearMessage - give arg types
  void clearMessage();
quoridor/quoridor.h(43): warning:  #1295-D: Deprecated declaration rotateWall - give arg types
  void rotateWall();
quoridor/quoridor.h(44): warning:  #1295-D: Deprecated declaration confirmWall - give arg types
  void confirmWall();
quoridor/quoridor.h(45): warning:  #1295-D: Deprecated declaration undoWall - give arg types
  void undoWall();
quoridor/quoridor.h(48): warning:  #1-D: last line of file ends without a newline
  #endif
sample.c: 5 warnings, 0 errors
compiling IRQ_RIT.c...
compiling lib_RIT.c...
compiling TouchPanel.c...
compiling HzLib.c...
compiling IRQ_button.c...
BUTTON_EXINT\../quoridor/../graphics/interface.h(49): warning:  #1295-D: Deprecated declaration clearMessage - give arg types
  void clearMessage();
BUTTON_EXINT\../quoridor/quoridor.h(43): warning:  #1295-D: Deprecated declaration rotateWall - give arg types
  void rotateWall();
BUTTON_EXINT\../quoridor/quoridor.h(44): warning:  #1295-D: Deprecated declaration confirmWall - give arg types
  void confirmWall();
BUTTON_EXINT\../quoridor/quoridor.h(45): warning:  #1295-D: Deprecated declaration undoWall - give arg types
  void undoWall();
BUTTON_EXINT\../quoridor/quoridor.h(48): warning:  #1-D: last line of file ends without a newline
  #endif
BUTTON_EXINT\IRQ_button.c: 5 warnings, 0 errors
compiling lib_button.c...
compiling funct_joystick.c...
joystick\../quoridor/../graphics/interface.h(49): warning:  #1295-D: Deprecated declaration clearMessage - give arg types
  void clearMessage();
joystick\../quoridor/quoridor.h(43): warning:  #1295-D: Deprecated declaration rotateWall - give arg types
  void rotateWall();
joystick\../quoridor/quoridor.h(44): warning:  #1295-D: Deprecated declaration confirmWall - give arg types
  void confirmWall();
joystick\../quoridor/quoridor.h(45): warning:  #1295-D: Deprecated declaration undoWall - give arg types
  void undoWall();
joystick\../quoridor/quoridor.h(48): warning:  #1-D: last line of file ends without a newline
  #endif
joystick\funct_joystick.c(144): warning:  #1-D: last line of file ends without a newline
  */
joystick\funct_joystick.c: 6 warnings, 0 errors
compiling lib_joystick.c...
compiling funct_led.c...
compiling lib_led.c...
compiling interface.c...
graphics\interface.h(49): warning:  #1295-D: Deprecated declaration clearMessage - give arg types
  void clearMessage();
graphics\interface.c(170): warning:  #167-D: argument of type "char *" is incompatible with parameter of type "uint8_t *"
  		GUI_Text(X_MESSAGE, Y_MESSAGE, message, MESSAGE_COLOR, BGCOLOR);
graphics\interface.c(173): warning:  #167-D: argument of type "char *" is incompatible with parameter of type "uint8_t *"
  		GUI_Text(X_MESSAGE-2, Y_MESSAGE, message, MESSAGE_COLOR, BGCOLOR);
graphics\interface.c(175): warning:  #1-D: last line of file ends without a newline
  }
graphics\interface.c: 4 warnings, 0 errors
compiling quoridor.c...
quoridor\../graphics/interface.h(49): warning:  #1295-D: Deprecated declaration clearMessage - give arg types
  void clearMessage();
quoridor\quoridor.h(43): warning:  #1295-D: Deprecated declaration rotateWall - give arg types
  void rotateWall();
quoridor\quoridor.h(44): warning:  #1295-D: Deprecated declaration confirmWall - give arg types
  void confirmWall();
quoridor\quoridor.h(45): warning:  #1295-D: Deprecated declaration undoWall - give arg types
  void undoWall();
quoridor\quoridor.h(48): warning:  #1-D: last line of file ends without a newline
  #endif
quoridor\../queue/queue.h(11): warning:  #1-D: last line of file ends without a newline
  #endif
quoridor\quoridor.c(47): warning:  #940-D: missing return statement at end of non-void function "targetPos" 
  }
quoridor\quoridor.c(92): warning:  #177-D: variable "finalPos"  was declared but never referenced
  	Coordinates currElem, adjElem, finalPos;
quoridor\quoridor.c(157): warning:  #177-D: variable "i"  was declared but never referenced
  	int i, numWalls_p1, numWalls_p2, overlap1, overlap2;
quoridor\quoridor.c(157): warning:  #177-D: variable "numWalls_p1"  was declared but never referenced
  	int i, numWalls_p1, numWalls_p2, overlap1, overlap2;
quoridor\quoridor.c(157): warning:  #177-D: variable "numWalls_p2"  was declared but never referenced
  	int i, numWalls_p1, numWalls_p2, overlap1, overlap2;
quoridor\quoridor.c(206): warning:  #177-D: variable "i"  was declared but never referenced
  	int newDir, i, j, p;
quoridor\quoridor.c(206): warning:  #177-D: variable "j"  was declared but never referenced
  	int newDir, i, j, p;
quoridor\quoridor.c(206): warning:  #177-D: variable "p"  was declared but never referenced
  	int newDir, i, j, p;
quoridor\quoridor.c(309): warning:  #1293-D: assignment in condition
  	if((playState.validMove = validPos(finalPos, playState.currentPos[playState.player-1]))){
quoridor\quoridor.c(307): warning:  #177-D: variable "finalPosX"  was declared but never referenced
  	int finalPosX, finalPosY, i;
quoridor\quoridor.c(307): warning:  #177-D: variable "finalPosY"  was declared but never referenced
  	int finalPosX, finalPosY, i;
quoridor\quoridor.c(307): warning:  #177-D: variable "i"  was declared but never referenced
  	int finalPosX, finalPosY, i;
quoridor\quoridor.c(356): warning:  #177-D: variable "rowC"  was declared but never referenced
  	int rowC, colC, currDir, nextDir, i, j;
quoridor\quoridor.c(356): warning:  #177-D: variable "colC"  was declared but never referenced
  	int rowC, colC, currDir, nextDir, i, j;
quoridor\quoridor.c(356): warning:  #177-D: variable "i"  was declared but never referenced
  	int rowC, colC, currDir, nextDir, i, j;
quoridor\quoridor.c(356): warning:  #177-D: variable "j"  was declared but never referenced
  	int rowC, colC, currDir, nextDir, i, j;
quoridor\quoridor.c(400): warning:  #177-D: variable "rowC"  was declared but never referenced
  	int rowC, colC, i, dir;
quoridor\quoridor.c(400): warning:  #177-D: variable "colC"  was declared but never referenced
  	int rowC, colC, i, dir;
quoridor\quoridor.c(400): warning:  #550-D: variable "dir"  was set but never used
  	int rowC, colC, i, dir;
quoridor\quoridor.c: 25 warnings, 0 errors
compiling queue.c...
queue\../queue/../quoridor/../graphics/interface.h(49): warning:  #1295-D: Deprecated declaration clearMessage - give arg types
  void clearMessage();
queue\../queue/../quoridor/quoridor.h(43): warning:  #1295-D: Deprecated declaration rotateWall - give arg types
  void rotateWall();
queue\../queue/../quoridor/quoridor.h(44): warning:  #1295-D: Deprecated declaration confirmWall - give arg types
  void confirmWall();
queue\../queue/../quoridor/quoridor.h(45): warning:  #1295-D: Deprecated declaration undoWall - give arg types
  void undoWall();
queue\../queue/../quoridor/quoridor.h(48): warning:  #1-D: last line of file ends without a newline
  #endif
queue\../queue/queue.h(11): warning:  #1-D: last line of file ends without a newline
  #endif
queue\queue.c(24): warning:  #1-D: last line of file ends without a newline
  }
queue\queue.c: 7 warnings, 0 errors
compiling GLCD.c...
linking...
Program Size: Code=29232 RO-data=1876 RW-data=48 ZI-data=1480  
".\sample.axf" - 0 Error(s), 57 Warning(s).

<h2>Software Packages used:</h2>

Package Vendor: ARM
                http://www.keil.com/pack/ARM.CMSIS.5.9.0.pack
                ARM.CMSIS.5.9.0
                CMSIS (Common Microcontroller Software Interface Standard)
   * Component: CORE Version: 5.6.0

Package Vendor: Keil
                http://www.keil.com/pack/Keil.LPC1700_DFP.2.7.1.pack
                Keil.LPC1700_DFP.2.7.1
                NXP LPC1700 Series Device Support, Drivers and Examples for MCB1700 and LPC1788-32

<h2>Collection of Component include folders:</h2>
  ./RTE/_Target_1
  C:/Users/HP/AppData/Local/Arm/Packs/ARM/CMSIS/5.9.0/CMSIS/Core/Include
  C:/Users/HP/AppData/Local/Arm/Packs/Keil/LPC1700_DFP/2.7.1/Device/Include

<h2>Collection of Component Files used:</h2>

   * Component: ARM::CMSIS:CORE:5.6.0
Build Time Elapsed:  00:00:03
</pre>
</body>
</html>
