Component: ARM Compiler 5.06 update 7 (build 960) Tool: armlink [4d3601]

==============================================================================

Section Cross References

    startup_lpc17xx.o(STACK) refers (Special) to heapauxi.o(.text) for __use_two_region_memory
    startup_lpc17xx.o(HEAP) refers (Special) to heapauxi.o(.text) for __use_two_region_memory
    startup_lpc17xx.o(RESET) refers (Special) to heapauxi.o(.text) for __use_two_region_memory
    startup_lpc17xx.o(RESET) refers to startup_lpc17xx.o(STACK) for __initial_sp
    startup_lpc17xx.o(RESET) refers to startup_lpc17xx.o(.text) for Reset_Handler
    startup_lpc17xx.o(RESET) refers to irq_timer.o(.text) for TIMER0_IRQHandler
    startup_lpc17xx.o(RESET) refers to irq_button.o(.text) for EINT0_IRQHandler
    startup_lpc17xx.o(RESET) refers to irq_can.o(.text) for CAN_IRQHandler
    startup_lpc17xx.o(RESET) refers to irq_rit.o(.text) for RIT_IRQHandler
    startup_lpc17xx.o(.ARM.__at_0x02FC) refers (Special) to heapauxi.o(.text) for __use_two_region_memory
    startup_lpc17xx.o(.text) refers (Special) to heapauxi.o(.text) for __use_two_region_memory
    startup_lpc17xx.o(.text) refers to __main.o(!!!main) for __main
    startup_lpc17xx.o(.text) refers to startup_lpc17xx.o(HEAP) for Heap_Mem
    startup_lpc17xx.o(.text) refers to startup_lpc17xx.o(STACK) for Stack_Mem
    sample.o(.text) refers to system_lpc17xx.o(.text) for SystemInit
    sample.o(.text) refers to glcd.o(.text) for LCD_Initialization
    sample.o(.text) refers to lib_can.o(.text) for CAN_Init
    sample.o(.text) refers to lib_timer.o(.text) for init_timer
    sample.o(.text) refers to lib_rit.o(.text) for init_RIT
    sample.o(.text) refers to lib_joystick.o(.text) for joystick_init
    sample.o(.text) refers to lib_button.o(.text) for BUTTON_init
    sample.o(.text) refers to quoridor.o(.text) for initGame
    system_lpc17xx.o(.text) refers to system_lpc17xx.o(.data) for SystemFrequency
    irq_timer.o(.text) refers to interface.o(.text) for writeTimeRemaining
    irq_timer.o(.text) refers to lib_button.o(.text) for disable_button
    irq_timer.o(.text) refers to quoridor.o(.text) for saveMove
    irq_timer.o(.text) refers to quoridor.o(.bss) for ms
    irq_timer.o(.text) refers to quoridor.o(.data) for nextPos
    asciilib.o(.text) refers to rt_memcpy_v6.o(.text) for __aeabi_memcpy
    asciilib.o(.text) refers to asciilib.o(.constdata) for AsciiLib
    glcd.o(.text) refers to glcd.o(.data) for LCD_Code
    glcd.o(.text) refers to asciilib.o(.text) for GetASCIICode
    hzlib.o(.text) refers to rt_memcpy_v6.o(.text) for __aeabi_memcpy
    hzlib.o(.text) refers to hzlib.o(.constdata) for HzLib
    irq_rit.o(.text) refers to lib_rit.o(.text) for disable_RIT
    irq_rit.o(.text) refers to funct_joystick.o(.text) for joystick_controller_chooseMode
    irq_rit.o(.text) refers to irq_button.o(.text) for INT0_function
    irq_rit.o(.text) refers to lib_button.o(.text) for enable_button
    irq_rit.o(.text) refers to quoridor.o(.bss) for ms
    irq_rit.o(.text) refers to irq_rit.o(.data) for down_int0
    irq_button.o(.text) refers to lib_can.o(.text) for CAN_wrMsg
    irq_button.o(.text) refers to quoridor.o(.text) for setMode
    irq_button.o(.text) refers to interface.o(.text) for drawMenu
    irq_button.o(.text) refers to lib_button.o(.text) for enable_button
    irq_button.o(.text) refers to lib_can.o(.bss) for CAN_TxMsg
    irq_button.o(.text) refers to quoridor.o(.bss) for ms
    irq_button.o(.text) refers to quoridor.o(.constdata) for WALL_DEFAULT_POS
    irq_button.o(.text) refers to irq_rit.o(.data) for down_int0
    funct_joystick.o(.text) refers to quoridor.o(.text) for setNextChoice
    funct_joystick.o(.text) refers to rt_memcpy_w.o(.text) for __aeabi_memcpy4
    funct_joystick.o(.text) refers to lib_button.o(.text) for disable_button
    funct_joystick.o(.text) refers to coordinates.o(.text) for equalCoord
    funct_joystick.o(.text) refers to funct_joystick.o(.constdata) for .constdata
    funct_joystick.o(.text) refers to funct_joystick.o(.bss) for pressed
    funct_joystick.o(.text) refers to quoridor.o(.bss) for ms
    funct_joystick.o(.text) refers to funct_joystick.o(.data) for cmdToExecute
    funct_joystick.o(.text) refers to quoridor.o(.data) for nextPos
    interface.o(.text) refers to strlen.o(.text) for strlen
    interface.o(.text) refers to glcd.o(.text) for GUI_Text
    interface.o(.text) refers to strcat.o(.text) for strcat
    interface.o(.text) refers to strcpy.o(.text) for strcpy
    interface.o(.text) refers to quoridor.o(.bss) for message
    quoridor.o(.text) refers to coordinates.o(.text) for equalCoordX
    quoridor.o(.text) refers to quoridor.o(.bss) for ms
    quoridor.o(.text) refers to quoridor.o(.constdata) for moves
    quoridor.o(.text) refers to queue.o(.text) for initQueue
    quoridor.o(.text) refers to llshl.o(.text) for __aeabi_llsl
    quoridor.o(.text) refers to interface.o(.text) for drawWall
    quoridor.o(.text) refers to rt_memcpy_w.o(.text) for __aeabi_memcpy4
    quoridor.o(.text) refers to strcat.o(.text) for strcat
    quoridor.o(.text) refers to strcpy.o(.text) for strcpy
    quoridor.o(.text) refers to glcd.o(.text) for LCD_Clear
    quoridor.o(.text) refers to strlen.o(.text) for strlen
    quoridor.o(.text) refers to lib_button.o(.text) for enable_button
    quoridor.o(.text) refers to lib_timer.o(.text) for enable_timer
    quoridor.o(.text) refers to npc.o(.text) for NPC_playTurn
    quoridor.o(.text) refers to quoridor.o(.data) for provChoice
    npc.o(.text) refers to coordinates.o(.text) for changeCoord
    npc.o(.text) refers to quoridor.o(.text) for selectAdj
    npc.o(.text) refers to rand.o(.emb_text) for rand
    npc.o(.text) refers to npc.o(.constdata) for POSSIBLE_MOVES
    queue.o(.text) refers to coordinates.o(.text) for newCoord
    queue.o(.text) refers to queue.o(.data) for head
    irq_can.o(.text) refers to lib_can.o(.text) for CAN_rdMsg
    irq_can.o(.text) refers to lib_can.o(.data) for icr
    irq_can.o(.text) refers to lib_can.o(.bss) for CAN_RxMsg
    irq_can.o(.text) refers to irq_can.o(.data) for val_RxCoordX
    lib_can.o(.text) refers to lib_can.o(.data) for result
    lib_can.o(.text) refers to lib_can.o(.constdata) for CAN_BIT_TIME
    rand.o(.emb_text) refers (Special) to libinit2.o(.ARM.Collect$$libinit$$0000000D) for __rt_lib_init_rand_2
    rand.o(.emb_text) refers to rand.o(.text) for _rand_init
    rand.o(.emb_text) refers to rand.o(.bss) for _random_number_data
    rand.o(.text) refers (Special) to libinit2.o(.ARM.Collect$$libinit$$0000000D) for __rt_lib_init_rand_2
    rand.o(.text) refers to rand.o(.bss) for .bss
    rand.o(.bss) refers (Special) to libinit2.o(.ARM.Collect$$libinit$$0000000D) for __rt_lib_init_rand_2
    rt_memcpy_v6.o(.text) refers to rt_memcpy_w.o(.text) for __aeabi_memcpy4
    __main.o(!!!main) refers to __rtentry.o(.ARM.Collect$$rtentry$$00000000) for __rt_entry
    __rtentry.o(.ARM.Collect$$rtentry$$00000000) refers (Special) to __rtentry2.o(.ARM.Collect$$rtentry$$0000000A) for __rt_entry_li
    __rtentry.o(.ARM.Collect$$rtentry$$00000000) refers (Special) to __rtentry2.o(.ARM.Collect$$rtentry$$0000000D) for __rt_entry_main
    __rtentry.o(.ARM.Collect$$rtentry$$00000000) refers (Special) to __rtentry2.o(.ARM.Collect$$rtentry$$0000000C) for __rt_entry_postli_1
    __rtentry.o(.ARM.Collect$$rtentry$$00000000) refers (Special) to __rtentry2.o(.ARM.Collect$$rtentry$$00000009) for __rt_entry_postsh_1
    __rtentry.o(.ARM.Collect$$rtentry$$00000000) refers (Special) to __rtentry2.o(.ARM.Collect$$rtentry$$00000002) for __rt_entry_presh_1
    __rtentry.o(.ARM.Collect$$rtentry$$00000000) refers (Special) to __rtentry4.o(.ARM.Collect$$rtentry$$00000004) for __rt_entry_sh
    libinit2.o(.ARM.Collect$$libinit$$0000000D) refers (Weak) to rand.o(.text) for _rand_init
    libinit2.o(.ARM.Collect$$libinit$$00000010) refers to libinit2.o(.ARM.Collect$$libinit$$0000000F) for .ARM.Collect$$libinit$$0000000F
    libinit2.o(.ARM.Collect$$libinit$$00000012) refers to libinit2.o(.ARM.Collect$$libinit$$0000000F) for .ARM.Collect$$libinit$$0000000F
    libinit2.o(.ARM.Collect$$libinit$$00000014) refers to libinit2.o(.ARM.Collect$$libinit$$0000000F) for .ARM.Collect$$libinit$$0000000F
    libinit2.o(.ARM.Collect$$libinit$$00000016) refers to libinit2.o(.ARM.Collect$$libinit$$0000000F) for .ARM.Collect$$libinit$$0000000F
    libinit2.o(.ARM.Collect$$libinit$$00000018) refers to libinit2.o(.ARM.Collect$$libinit$$0000000F) for .ARM.Collect$$libinit$$0000000F
    libinit2.o(.ARM.Collect$$libinit$$00000026) refers to argv_veneer.o(.emb_text) for __ARM_argv_veneer
    libinit2.o(.ARM.Collect$$libinit$$00000027) refers to argv_veneer.o(.emb_text) for __ARM_argv_veneer
    __rtentry2.o(.ARM.Collect$$rtentry$$00000008) refers to boardinit2.o(.text) for _platform_post_stackheap_init
    __rtentry2.o(.ARM.Collect$$rtentry$$0000000A) refers to libinit.o(.ARM.Collect$$libinit$$00000000) for __rt_lib_init
    __rtentry2.o(.ARM.Collect$$rtentry$$0000000B) refers to boardinit3.o(.text) for _platform_post_lib_init
    __rtentry2.o(.ARM.Collect$$rtentry$$0000000D) refers to sample.o(.text) for main
    __rtentry2.o(.ARM.Collect$$rtentry$$0000000D) refers to exit.o(.text) for exit
    __rtentry2.o(.ARM.exidx) refers to __rtentry2.o(.ARM.Collect$$rtentry$$00000001) for .ARM.Collect$$rtentry$$00000001
    __rtentry2.o(.ARM.exidx) refers to __rtentry2.o(.ARM.Collect$$rtentry$$00000008) for .ARM.Collect$$rtentry$$00000008
    __rtentry2.o(.ARM.exidx) refers to __rtentry2.o(.ARM.Collect$$rtentry$$0000000A) for .ARM.Collect$$rtentry$$0000000A
    __rtentry2.o(.ARM.exidx) refers to __rtentry2.o(.ARM.Collect$$rtentry$$0000000B) for .ARM.Collect$$rtentry$$0000000B
    __rtentry2.o(.ARM.exidx) refers to __rtentry2.o(.ARM.Collect$$rtentry$$0000000D) for .ARM.Collect$$rtentry$$0000000D
    __rtentry4.o(.ARM.Collect$$rtentry$$00000004) refers to sys_stackheap_outer.o(.text) for __user_setup_stackheap
    __rtentry4.o(.ARM.exidx) refers to __rtentry4.o(.ARM.Collect$$rtentry$$00000004) for .ARM.Collect$$rtentry$$00000004
    argv_veneer.o(.emb_text) refers to no_argv.o(.text) for __ARM_get_argv
    sys_stackheap_outer.o(.text) refers to libspace.o(.text) for __user_perproc_libspace
    sys_stackheap_outer.o(.text) refers to startup_lpc17xx.o(.text) for __user_initial_stackheap
    exit.o(.text) refers to rtexit.o(.ARM.Collect$$rtexit$$00000000) for __rt_exit
    _get_argv_nomalloc.o(.text) refers (Special) to hrguard.o(.text) for __heap_region$guard
    _get_argv_nomalloc.o(.text) refers to defsig_rtmem_outer.o(.text) for __rt_SIGRTMEM
    _get_argv_nomalloc.o(.text) refers to sys_command.o(.text) for _sys_command_string
    libinit.o(.ARM.Collect$$libinit$$00000000) refers (Special) to libinit2.o(.ARM.Collect$$libinit$$0000002E) for __rt_lib_init_alloca_1
    libinit.o(.ARM.Collect$$libinit$$00000000) refers (Special) to libinit2.o(.ARM.Collect$$libinit$$0000002C) for __rt_lib_init_argv_1
    libinit.o(.ARM.Collect$$libinit$$00000000) refers (Special) to libinit2.o(.ARM.Collect$$libinit$$0000001B) for __rt_lib_init_atexit_1
    libinit.o(.ARM.Collect$$libinit$$00000000) refers (Special) to libinit2.o(.ARM.Collect$$libinit$$00000021) for __rt_lib_init_clock_1
    libinit.o(.ARM.Collect$$libinit$$00000000) refers (Special) to libinit2.o(.ARM.Collect$$libinit$$00000032) for __rt_lib_init_cpp_1
    libinit.o(.ARM.Collect$$libinit$$00000000) refers (Special) to libinit2.o(.ARM.Collect$$libinit$$00000030) for __rt_lib_init_exceptions_1
    libinit.o(.ARM.Collect$$libinit$$00000000) refers (Special) to libinit2.o(.ARM.Collect$$libinit$$00000002) for __rt_lib_init_fp_1
    libinit.o(.ARM.Collect$$libinit$$00000000) refers (Special) to libinit2.o(.ARM.Collect$$libinit$$0000001F) for __rt_lib_init_fp_trap_1
    libinit.o(.ARM.Collect$$libinit$$00000000) refers (Special) to libinit2.o(.ARM.Collect$$libinit$$00000023) for __rt_lib_init_getenv_1
    libinit.o(.ARM.Collect$$libinit$$00000000) refers (Special) to libinit2.o(.ARM.Collect$$libinit$$0000000A) for __rt_lib_init_heap_1
    libinit.o(.ARM.Collect$$libinit$$00000000) refers (Special) to libinit2.o(.ARM.Collect$$libinit$$00000011) for __rt_lib_init_lc_collate_1
    libinit.o(.ARM.Collect$$libinit$$00000000) refers (Special) to libinit2.o(.ARM.Collect$$libinit$$00000013) for __rt_lib_init_lc_ctype_1
    libinit.o(.ARM.Collect$$libinit$$00000000) refers (Special) to libinit2.o(.ARM.Collect$$libinit$$00000015) for __rt_lib_init_lc_monetary_1
    libinit.o(.ARM.Collect$$libinit$$00000000) refers (Special) to libinit2.o(.ARM.Collect$$libinit$$00000017) for __rt_lib_init_lc_numeric_1
    libinit.o(.ARM.Collect$$libinit$$00000000) refers (Special) to libinit2.o(.ARM.Collect$$libinit$$00000019) for __rt_lib_init_lc_time_1
    libinit.o(.ARM.Collect$$libinit$$00000000) refers (Special) to libinit2.o(.ARM.Collect$$libinit$$00000004) for __rt_lib_init_preinit_1
    libinit.o(.ARM.Collect$$libinit$$00000000) refers (Special) to libinit2.o(.ARM.Collect$$libinit$$0000000E) for __rt_lib_init_rand_1
    libinit.o(.ARM.Collect$$libinit$$00000000) refers (Special) to libinit2.o(.ARM.Collect$$libinit$$00000033) for __rt_lib_init_return
    libinit.o(.ARM.Collect$$libinit$$00000000) refers (Special) to libinit2.o(.ARM.Collect$$libinit$$0000001D) for __rt_lib_init_signal_1
    libinit.o(.ARM.Collect$$libinit$$00000000) refers (Special) to libinit2.o(.ARM.Collect$$libinit$$00000025) for __rt_lib_init_stdio_1
    libinit.o(.ARM.Collect$$libinit$$00000000) refers (Special) to libinit2.o(.ARM.Collect$$libinit$$0000000C) for __rt_lib_init_user_alloc_1
    sys_command.o(.text) refers (Special) to use_no_semi.o(.text) for __I$use$semihosting
    sys_command.o(.text) refers (Special) to indicate_semi.o(.text) for __semihosting_library_function
    libspace.o(.text) refers to libspace.o(.bss) for __libspace_start
    rtexit.o(.ARM.Collect$$rtexit$$00000000) refers (Special) to rtexit2.o(.ARM.Collect$$rtexit$$00000004) for __rt_exit_exit
    rtexit.o(.ARM.Collect$$rtexit$$00000000) refers (Special) to rtexit2.o(.ARM.Collect$$rtexit$$00000003) for __rt_exit_ls
    rtexit.o(.ARM.Collect$$rtexit$$00000000) refers (Special) to rtexit2.o(.ARM.Collect$$rtexit$$00000002) for __rt_exit_prels_1
    rtexit.o(.ARM.exidx) refers (Special) to rtexit2.o(.ARM.Collect$$rtexit$$00000004) for __rt_exit_exit
    rtexit.o(.ARM.exidx) refers (Special) to rtexit2.o(.ARM.Collect$$rtexit$$00000003) for __rt_exit_ls
    rtexit.o(.ARM.exidx) refers (Special) to rtexit2.o(.ARM.Collect$$rtexit$$00000002) for __rt_exit_prels_1
    rtexit.o(.ARM.exidx) refers to rtexit.o(.ARM.Collect$$rtexit$$00000000) for .ARM.Collect$$rtexit$$00000000
    defsig_rtmem_outer.o(.text) refers to defsig_rtmem_inner.o(.text) for __rt_SIGRTMEM_inner
    defsig_rtmem_outer.o(.text) refers to defsig_exit.o(.text) for __sig_exit
    defsig_rtmem_formal.o(.text) refers to rt_raise.o(.text) for __rt_raise
    rtexit2.o(.ARM.Collect$$rtexit$$00000003) refers to libshutdown.o(.ARM.Collect$$libshutdown$$00000000) for __rt_lib_shutdown
    rtexit2.o(.ARM.Collect$$rtexit$$00000004) refers to sys_exit.o(.text) for _sys_exit
    rtexit2.o(.ARM.exidx) refers to rtexit2.o(.ARM.Collect$$rtexit$$00000001) for .ARM.Collect$$rtexit$$00000001
    rtexit2.o(.ARM.exidx) refers to rtexit2.o(.ARM.Collect$$rtexit$$00000003) for .ARM.Collect$$rtexit$$00000003
    rtexit2.o(.ARM.exidx) refers to rtexit2.o(.ARM.Collect$$rtexit$$00000004) for .ARM.Collect$$rtexit$$00000004
    rt_raise.o(.text) refers to __raise.o(.text) for __raise
    rt_raise.o(.text) refers to sys_exit.o(.text) for _sys_exit
    defsig_exit.o(.text) refers to sys_exit.o(.text) for _sys_exit
    defsig_rtmem_inner.o(.text) refers to defsig_general.o(.text) for __default_signal_display
    sys_exit.o(.text) refers (Special) to use_no_semi.o(.text) for __I$use$semihosting
    sys_exit.o(.text) refers (Special) to indicate_semi.o(.text) for __semihosting_library_function
    __raise.o(.text) refers to defsig.o(CL$$defsig) for __default_signal_handler
    defsig_general.o(.text) refers to sys_wrch.o(.text) for _ttywrch
    libshutdown.o(.ARM.Collect$$libshutdown$$00000000) refers (Special) to libshutdown2.o(.ARM.Collect$$libshutdown$$00000004) for __rt_lib_shutdown_cpp_1
    libshutdown.o(.ARM.Collect$$libshutdown$$00000000) refers (Special) to libshutdown2.o(.ARM.Collect$$libshutdown$$00000002) for __rt_lib_shutdown_fini_1
    libshutdown.o(.ARM.Collect$$libshutdown$$00000000) refers (Special) to libshutdown2.o(.ARM.Collect$$libshutdown$$00000009) for __rt_lib_shutdown_fp_trap_1
    libshutdown.o(.ARM.Collect$$libshutdown$$00000000) refers (Special) to libshutdown2.o(.ARM.Collect$$libshutdown$$00000011) for __rt_lib_shutdown_heap_1
    libshutdown.o(.ARM.Collect$$libshutdown$$00000000) refers (Special) to libshutdown2.o(.ARM.Collect$$libshutdown$$00000012) for __rt_lib_shutdown_return
    libshutdown.o(.ARM.Collect$$libshutdown$$00000000) refers (Special) to libshutdown2.o(.ARM.Collect$$libshutdown$$0000000C) for __rt_lib_shutdown_signal_1
    libshutdown.o(.ARM.Collect$$libshutdown$$00000000) refers (Special) to libshutdown2.o(.ARM.Collect$$libshutdown$$00000006) for __rt_lib_shutdown_stdio_1
    libshutdown.o(.ARM.Collect$$libshutdown$$00000000) refers (Special) to libshutdown2.o(.ARM.Collect$$libshutdown$$0000000E) for __rt_lib_shutdown_user_alloc_1
    sys_wrch.o(.text) refers (Special) to use_no_semi.o(.text) for __I$use$semihosting
    sys_wrch.o(.text) refers (Special) to indicate_semi.o(.text) for __semihosting_library_function
    defsig.o(CL$$defsig) refers to defsig_rtmem_inner.o(.text) for __rt_SIGRTMEM_inner
    defsig_abrt_inner.o(.text) refers to defsig_general.o(.text) for __default_signal_display
    defsig_fpe_inner.o(.text) refers to defsig_general.o(.text) for __default_signal_display
    defsig_rtred_inner.o(.text) refers to defsig_general.o(.text) for __default_signal_display
    defsig_stak_inner.o(.text) refers to defsig_general.o(.text) for __default_signal_display
    defsig_pvfn_inner.o(.text) refers to defsig_general.o(.text) for __default_signal_display
    defsig_cppl_inner.o(.text) refers to defsig_general.o(.text) for __default_signal_display
    defsig_segv_inner.o(.text) refers to defsig_general.o(.text) for __default_signal_display
    defsig_other.o(.text) refers to defsig_general.o(.text) for __default_signal_display


==============================================================================

Removing Unused input sections from the image.

    Removing sample.o(.rev16_text), (4 bytes).
    Removing sample.o(.revsh_text), (4 bytes).
    Removing sample.o(.rrx_text), (6 bytes).
    Removing core_cm3.o(.emb_text), (32 bytes).
    Removing system_lpc17xx.o(.rev16_text), (4 bytes).
    Removing system_lpc17xx.o(.revsh_text), (4 bytes).
    Removing system_lpc17xx.o(.rrx_text), (6 bytes).
    Removing irq_timer.o(.rev16_text), (4 bytes).
    Removing irq_timer.o(.revsh_text), (4 bytes).
    Removing irq_timer.o(.rrx_text), (6 bytes).
    Removing lib_timer.o(.rev16_text), (4 bytes).
    Removing lib_timer.o(.revsh_text), (4 bytes).
    Removing lib_timer.o(.rrx_text), (6 bytes).
    Removing glcd.o(.rev16_text), (4 bytes).
    Removing glcd.o(.revsh_text), (4 bytes).
    Removing glcd.o(.rrx_text), (6 bytes).
    Removing hzlib.o(.text), (52 bytes).
    Removing hzlib.o(.constdata), (216576 bytes).
    Removing irq_rit.o(.rev16_text), (4 bytes).
    Removing irq_rit.o(.revsh_text), (4 bytes).
    Removing irq_rit.o(.rrx_text), (6 bytes).
    Removing lib_rit.o(.rev16_text), (4 bytes).
    Removing lib_rit.o(.revsh_text), (4 bytes).
    Removing lib_rit.o(.rrx_text), (6 bytes).
    Removing irq_button.o(.rev16_text), (4 bytes).
    Removing irq_button.o(.revsh_text), (4 bytes).
    Removing irq_button.o(.rrx_text), (6 bytes).
    Removing lib_button.o(.rev16_text), (4 bytes).
    Removing lib_button.o(.revsh_text), (4 bytes).
    Removing lib_button.o(.rrx_text), (6 bytes).
    Removing funct_joystick.o(.rev16_text), (4 bytes).
    Removing funct_joystick.o(.revsh_text), (4 bytes).
    Removing funct_joystick.o(.rrx_text), (6 bytes).
    Removing lib_joystick.o(.rev16_text), (4 bytes).
    Removing lib_joystick.o(.revsh_text), (4 bytes).
    Removing lib_joystick.o(.rrx_text), (6 bytes).
    Removing interface.o(.rev16_text), (4 bytes).
    Removing interface.o(.revsh_text), (4 bytes).
    Removing interface.o(.rrx_text), (6 bytes).
    Removing quoridor.o(.rev16_text), (4 bytes).
    Removing quoridor.o(.revsh_text), (4 bytes).
    Removing quoridor.o(.rrx_text), (6 bytes).
    Removing irq_can.o(.rev16_text), (4 bytes).
    Removing irq_can.o(.revsh_text), (4 bytes).
    Removing irq_can.o(.rrx_text), (6 bytes).
    Removing lib_can.o(.rev16_text), (4 bytes).
    Removing lib_can.o(.revsh_text), (4 bytes).
    Removing lib_can.o(.rrx_text), (6 bytes).

48 unused section(s) (total 216870 bytes) removed from the image.

==============================================================================

Image Symbol Table

    Local Symbols

    Symbol Name                              Value     Ov Type        Size  Object(Section)

    RESET                                    0x00000000   Section      204  startup_lpc17xx.o(RESET)
    ../clib/angel/boardlib.s                 0x00000000   Number         0  boardshut.o ABSOLUTE
    ../clib/angel/boardlib.s                 0x00000000   Number         0  boardinit1.o ABSOLUTE
    ../clib/angel/boardlib.s                 0x00000000   Number         0  boardinit2.o ABSOLUTE
    ../clib/angel/boardlib.s                 0x00000000   Number         0  boardinit3.o ABSOLUTE
    ../clib/angel/handlers.s                 0x00000000   Number         0  __scatter_copy.o ABSOLUTE
    ../clib/angel/handlers.s                 0x00000000   Number         0  __scatter_zi.o ABSOLUTE
    ../clib/angel/kernel.s                   0x00000000   Number         0  __rtentry2.o ABSOLUTE
    ../clib/angel/kernel.s                   0x00000000   Number         0  __rtentry.o ABSOLUTE
    ../clib/angel/kernel.s                   0x00000000   Number         0  __rtentry4.o ABSOLUTE
    ../clib/angel/kernel.s                   0x00000000   Number         0  rtexit.o ABSOLUTE
    ../clib/angel/kernel.s                   0x00000000   Number         0  rtexit2.o ABSOLUTE
    ../clib/angel/rt.s                       0x00000000   Number         0  rt_raise.o ABSOLUTE
    ../clib/angel/scatter.s                  0x00000000   Number         0  __scatter.o ABSOLUTE
    ../clib/angel/startup.s                  0x00000000   Number         0  __main.o ABSOLUTE
    ../clib/angel/sys.s                      0x00000000   Number         0  use_no_semi.o ABSOLUTE
    ../clib/angel/sys.s                      0x00000000   Number         0  libspace.o ABSOLUTE
    ../clib/angel/sys.s                      0x00000000   Number         0  sys_stackheap_outer.o ABSOLUTE
    ../clib/angel/sys.s                      0x00000000   Number         0  indicate_semi.o ABSOLUTE
    ../clib/angel/sysapp.c                   0x00000000   Number         0  sys_command.o ABSOLUTE
    ../clib/angel/sysapp.c                   0x00000000   Number         0  sys_wrch.o ABSOLUTE
    ../clib/angel/sysapp.c                   0x00000000   Number         0  sys_exit.o ABSOLUTE
    ../clib/armsys.c                         0x00000000   Number         0  argv_veneer.o ABSOLUTE
    ../clib/armsys.c                         0x00000000   Number         0  no_argv.o ABSOLUTE
    ../clib/armsys.c                         0x00000000   Number         0  _get_argv_nomalloc.o ABSOLUTE
    ../clib/armsys.c                         0x00000000   Number         0  argv_veneer.o ABSOLUTE
    ../clib/heapalloc.c                      0x00000000   Number         0  hrguard.o ABSOLUTE
    ../clib/heapaux.c                        0x00000000   Number         0  heapauxi.o ABSOLUTE
    ../clib/libinit.s                        0x00000000   Number         0  libshutdown2.o ABSOLUTE
    ../clib/libinit.s                        0x00000000   Number         0  libshutdown.o ABSOLUTE
    ../clib/libinit.s                        0x00000000   Number         0  libinit.o ABSOLUTE
    ../clib/libinit.s                        0x00000000   Number         0  libinit2.o ABSOLUTE
    ../clib/longlong.s                       0x00000000   Number         0  llshl.o ABSOLUTE
    ../clib/memcpset.s                       0x00000000   Number         0  rt_memcpy_v6.o ABSOLUTE
    ../clib/memcpset.s                       0x00000000   Number         0  rt_memcpy_w.o ABSOLUTE
    ../clib/signal.c                         0x00000000   Number         0  __raise.o ABSOLUTE
    ../clib/signal.c                         0x00000000   Number         0  defsig_rtmem_inner.o ABSOLUTE
    ../clib/signal.c                         0x00000000   Number         0  defsig_exit.o ABSOLUTE
    ../clib/signal.c                         0x00000000   Number         0  defsig_abrt_inner.o ABSOLUTE
    ../clib/signal.c                         0x00000000   Number         0  defsig_general.o ABSOLUTE
    ../clib/signal.c                         0x00000000   Number         0  defsig_fpe_inner.o ABSOLUTE
    ../clib/signal.c                         0x00000000   Number         0  defsig_rtred_inner.o ABSOLUTE
    ../clib/signal.c                         0x00000000   Number         0  defsig_stak_inner.o ABSOLUTE
    ../clib/signal.c                         0x00000000   Number         0  defsig_pvfn_inner.o ABSOLUTE
    ../clib/signal.c                         0x00000000   Number         0  defsig_rtmem_outer.o ABSOLUTE
    ../clib/signal.c                         0x00000000   Number         0  defsig_cppl_inner.o ABSOLUTE
    ../clib/signal.c                         0x00000000   Number         0  defsig_segv_inner.o ABSOLUTE
    ../clib/signal.c                         0x00000000   Number         0  defsig_other.o ABSOLUTE
    ../clib/signal.c                         0x00000000   Number         0  defsig_rtmem_formal.o ABSOLUTE
    ../clib/signal.s                         0x00000000   Number         0  defsig.o ABSOLUTE
    ../clib/stdlib.c                         0x00000000   Number         0  exit.o ABSOLUTE
    ../clib/stdlib.c                         0x00000000   Number         0  rand.o ABSOLUTE
    ../clib/stdlib.c                         0x00000000   Number         0  rand.o ABSOLUTE
    ../clib/string.c                         0x00000000   Number         0  strcpy.o ABSOLUTE
    ../clib/string.c                         0x00000000   Number         0  strlen.o ABSOLUTE
    ../clib/string.c                         0x00000000   Number         0  strcat.o ABSOLUTE
    ../fplib/fpinit.s                        0x00000000   Number         0  fpinit.o ABSOLUTE
    CAN\IRQ_CAN.c                            0x00000000   Number         0  irq_can.o ABSOLUTE
    CAN\\IRQ_CAN.c                           0x00000000   Number         0  irq_can.o ABSOLUTE
    CAN\\lib_CAN.c                           0x00000000   Number         0  lib_can.o ABSOLUTE
    CAN\lib_CAN.c                            0x00000000   Number         0  lib_can.o ABSOLUTE
    GLCD\AsciiLib.c                          0x00000000   Number         0  asciilib.o ABSOLUTE
    GLCD\GLCD.c                              0x00000000   Number         0  glcd.o ABSOLUTE
    GLCD\HzLib.c                             0x00000000   Number         0  hzlib.o ABSOLUTE
    GLCD\\GLCD.c                             0x00000000   Number         0  glcd.o ABSOLUTE
    RIT\IRQ_RIT.c                            0x00000000   Number         0  irq_rit.o ABSOLUTE
    RIT\\IRQ_RIT.c                           0x00000000   Number         0  irq_rit.o ABSOLUTE
    RIT\\lib_RIT.c                           0x00000000   Number         0  lib_rit.o ABSOLUTE
    RIT\lib_RIT.c                            0x00000000   Number         0  lib_rit.o ABSOLUTE
    button\IRQ_button.c                      0x00000000   Number         0  irq_button.o ABSOLUTE
    button\\IRQ_button.c                     0x00000000   Number         0  irq_button.o ABSOLUTE
    button\\lib_button.c                     0x00000000   Number         0  lib_button.o ABSOLUTE
    button\lib_button.c                      0x00000000   Number         0  lib_button.o ABSOLUTE
    coordinates\coordinates.c                0x00000000   Number         0  coordinates.o ABSOLUTE
    core_cm3.c                               0x00000000   Number         0  core_cm3.o ABSOLUTE
    core_cm3.c                               0x00000000   Number         0  core_cm3.o ABSOLUTE
    dc.s                                     0x00000000   Number         0  dc.o ABSOLUTE
    graphics\\interface.c                    0x00000000   Number         0  interface.o ABSOLUTE
    graphics\interface.c                     0x00000000   Number         0  interface.o ABSOLUTE
    joystick\\funct_joystick.c               0x00000000   Number         0  funct_joystick.o ABSOLUTE
    joystick\\lib_joystick.c                 0x00000000   Number         0  lib_joystick.o ABSOLUTE
    joystick\funct_joystick.c                0x00000000   Number         0  funct_joystick.o ABSOLUTE
    joystick\lib_joystick.c                  0x00000000   Number         0  lib_joystick.o ABSOLUTE
    queue\queue.c                            0x00000000   Number         0  queue.o ABSOLUTE
    quoridor\NPC.c                           0x00000000   Number         0  npc.o ABSOLUTE
    quoridor\\quoridor.c                     0x00000000   Number         0  quoridor.o ABSOLUTE
    quoridor\quoridor.c                      0x00000000   Number         0  quoridor.o ABSOLUTE
    sample.c                                 0x00000000   Number         0  sample.o ABSOLUTE
    sample.c                                 0x00000000   Number         0  sample.o ABSOLUTE
    startup_LPC17xx.s                        0x00000000   Number         0  startup_lpc17xx.o ABSOLUTE
    system_LPC17xx.c                         0x00000000   Number         0  system_lpc17xx.o ABSOLUTE
    system_LPC17xx.c                         0x00000000   Number         0  system_lpc17xx.o ABSOLUTE
    timer\IRQ_timer.c                        0x00000000   Number         0  irq_timer.o ABSOLUTE
    timer\\IRQ_timer.c                       0x00000000   Number         0  irq_timer.o ABSOLUTE
    timer\\lib_timer.c                       0x00000000   Number         0  lib_timer.o ABSOLUTE
    timer\lib_timer.c                        0x00000000   Number         0  lib_timer.o ABSOLUTE
    !!!main                                  0x000000cc   Section        8  __main.o(!!!main)
    !!!scatter                               0x000000d4   Section       52  __scatter.o(!!!scatter)
    !!handler_copy                           0x00000108   Section       26  __scatter_copy.o(!!handler_copy)
    !!handler_zi                             0x00000124   Section       28  __scatter_zi.o(!!handler_zi)
    .ARM.Collect$$libinit$$00000000          0x00000140   Section        2  libinit.o(.ARM.Collect$$libinit$$00000000)
    .ARM.Collect$$libinit$$00000002          0x00000142   Section        0  libinit2.o(.ARM.Collect$$libinit$$00000002)
    .ARM.Collect$$libinit$$00000004          0x00000142   Section        0  libinit2.o(.ARM.Collect$$libinit$$00000004)
    .ARM.Collect$$libinit$$0000000A          0x00000142   Section        0  libinit2.o(.ARM.Collect$$libinit$$0000000A)
    .ARM.Collect$$libinit$$0000000C          0x00000142   Section        0  libinit2.o(.ARM.Collect$$libinit$$0000000C)
    .ARM.Collect$$libinit$$0000000D          0x00000142   Section        4  libinit2.o(.ARM.Collect$$libinit$$0000000D)
    .ARM.Collect$$libinit$$0000000E          0x00000146   Section        0  libinit2.o(.ARM.Collect$$libinit$$0000000E)
    .ARM.Collect$$libinit$$00000011          0x00000146   Section        0  libinit2.o(.ARM.Collect$$libinit$$00000011)
    .ARM.Collect$$libinit$$00000013          0x00000146   Section        0  libinit2.o(.ARM.Collect$$libinit$$00000013)
    .ARM.Collect$$libinit$$00000015          0x00000146   Section        0  libinit2.o(.ARM.Collect$$libinit$$00000015)
    .ARM.Collect$$libinit$$00000017          0x00000146   Section        0  libinit2.o(.ARM.Collect$$libinit$$00000017)
    .ARM.Collect$$libinit$$00000019          0x00000146   Section        0  libinit2.o(.ARM.Collect$$libinit$$00000019)
    .ARM.Collect$$libinit$$0000001B          0x00000146   Section        0  libinit2.o(.ARM.Collect$$libinit$$0000001B)
    .ARM.Collect$$libinit$$0000001D          0x00000146   Section        0  libinit2.o(.ARM.Collect$$libinit$$0000001D)
    .ARM.Collect$$libinit$$0000001F          0x00000146   Section        0  libinit2.o(.ARM.Collect$$libinit$$0000001F)
    .ARM.Collect$$libinit$$00000021          0x00000146   Section        0  libinit2.o(.ARM.Collect$$libinit$$00000021)
    .ARM.Collect$$libinit$$00000023          0x00000146   Section        0  libinit2.o(.ARM.Collect$$libinit$$00000023)
    .ARM.Collect$$libinit$$00000025          0x00000146   Section        0  libinit2.o(.ARM.Collect$$libinit$$00000025)
    .ARM.Collect$$libinit$$0000002C          0x00000146   Section        0  libinit2.o(.ARM.Collect$$libinit$$0000002C)
    .ARM.Collect$$libinit$$0000002E          0x00000146   Section        0  libinit2.o(.ARM.Collect$$libinit$$0000002E)
    .ARM.Collect$$libinit$$00000030          0x00000146   Section        0  libinit2.o(.ARM.Collect$$libinit$$00000030)
    .ARM.Collect$$libinit$$00000032          0x00000146   Section        0  libinit2.o(.ARM.Collect$$libinit$$00000032)
    .ARM.Collect$$libinit$$00000033          0x00000146   Section        2  libinit2.o(.ARM.Collect$$libinit$$00000033)
    .ARM.Collect$$libshutdown$$00000000      0x00000148   Section        2  libshutdown.o(.ARM.Collect$$libshutdown$$00000000)
    .ARM.Collect$$libshutdown$$00000002      0x0000014a   Section        0  libshutdown2.o(.ARM.Collect$$libshutdown$$00000002)
    .ARM.Collect$$libshutdown$$00000004      0x0000014a   Section        0  libshutdown2.o(.ARM.Collect$$libshutdown$$00000004)
    .ARM.Collect$$libshutdown$$00000006      0x0000014a   Section        0  libshutdown2.o(.ARM.Collect$$libshutdown$$00000006)
    .ARM.Collect$$libshutdown$$00000009      0x0000014a   Section        0  libshutdown2.o(.ARM.Collect$$libshutdown$$00000009)
    .ARM.Collect$$libshutdown$$0000000C      0x0000014a   Section        0  libshutdown2.o(.ARM.Collect$$libshutdown$$0000000C)
    .ARM.Collect$$libshutdown$$0000000E      0x0000014a   Section        0  libshutdown2.o(.ARM.Collect$$libshutdown$$0000000E)
    .ARM.Collect$$libshutdown$$00000011      0x0000014a   Section        0  libshutdown2.o(.ARM.Collect$$libshutdown$$00000011)
    .ARM.Collect$$libshutdown$$00000012      0x0000014a   Section        2  libshutdown2.o(.ARM.Collect$$libshutdown$$00000012)
    .ARM.Collect$$rtentry$$00000000          0x0000014c   Section        0  __rtentry.o(.ARM.Collect$$rtentry$$00000000)
    .ARM.Collect$$rtentry$$00000002          0x0000014c   Section        0  __rtentry2.o(.ARM.Collect$$rtentry$$00000002)
    .ARM.Collect$$rtentry$$00000004          0x0000014c   Section        6  __rtentry4.o(.ARM.Collect$$rtentry$$00000004)
    .ARM.Collect$$rtentry$$00000009          0x00000152   Section        0  __rtentry2.o(.ARM.Collect$$rtentry$$00000009)
    .ARM.Collect$$rtentry$$0000000A          0x00000152   Section        4  __rtentry2.o(.ARM.Collect$$rtentry$$0000000A)
    .ARM.Collect$$rtentry$$0000000C          0x00000156   Section        0  __rtentry2.o(.ARM.Collect$$rtentry$$0000000C)
    .ARM.Collect$$rtentry$$0000000D          0x00000156   Section        8  __rtentry2.o(.ARM.Collect$$rtentry$$0000000D)
    .ARM.Collect$$rtexit$$00000000           0x0000015e   Section        2  rtexit.o(.ARM.Collect$$rtexit$$00000000)
    .ARM.Collect$$rtexit$$00000002           0x00000160   Section        0  rtexit2.o(.ARM.Collect$$rtexit$$00000002)
    .ARM.Collect$$rtexit$$00000003           0x00000160   Section        4  rtexit2.o(.ARM.Collect$$rtexit$$00000003)
    .ARM.Collect$$rtexit$$00000004           0x00000164   Section        6  rtexit2.o(.ARM.Collect$$rtexit$$00000004)
    .emb_text                                0x0000016c   Section       52  rand.o(.emb_text)
    .text                                    0x000001a0   Section       52  startup_lpc17xx.o(.text)
    .text                                    0x000001d4   Section        0  sample.o(.text)
    .text                                    0x00000230   Section        0  lib_timer.o(.text)
    __NVIC_EnableIRQ                         0x00000231   Thumb Code    34  lib_timer.o(.text)
    .text                                    0x000002d8   Section        0  asciilib.o(.text)
    .text                                    0x000002f8   Section        2  use_no_semi.o(.text)
    .text                                    0x000002fa   Section        0  indicate_semi.o(.text)
    .ARM.__at_0x02FC                         0x000002fc   Section        4  startup_lpc17xx.o(.ARM.__at_0x02FC)
    .text                                    0x00000300   Section        0  system_lpc17xx.o(.text)
    .text                                    0x0000054c   Section        0  irq_timer.o(.text)
    .text                                    0x00000634   Section        0  glcd.o(.text)
    LCD_Configuration                        0x00000635   Thumb Code    20  glcd.o(.text)
    wait_delay                               0x00000649   Thumb Code    12  glcd.o(.text)
    LCD_SetCursor                            0x00000655   Thumb Code  1356  glcd.o(.text)
    delay_ms                                 0x00000ba1   Thumb Code    30  glcd.o(.text)
    LCD_BGR2RGB                              0x0000409d   Thumb Code    26  glcd.o(.text)
    .text                                    0x00004718   Section        0  irq_rit.o(.text)
    .text                                    0x00004830   Section        0  lib_rit.o(.text)
    .text                                    0x000048c4   Section        0  irq_button.o(.text)
    .text                                    0x00004a28   Section        0  lib_button.o(.text)
    __NVIC_EnableIRQ                         0x00004a29   Thumb Code    34  lib_button.o(.text)
    __NVIC_SetPriority                       0x00004a4b   Thumb Code    32  lib_button.o(.text)
    .text                                    0x00004b70   Section        0  funct_joystick.o(.text)
    countPressed                             0x00004b71   Thumb Code    42  funct_joystick.o(.text)
    .text                                    0x00004d30   Section        0  lib_joystick.o(.text)
    .text                                    0x00004db4   Section        0  interface.o(.text)
    drawText                                 0x00004db5   Thumb Code    44  interface.o(.text)
    drawOption                               0x00004e3d   Thumb Code    72  interface.o(.text)
    .text                                    0x000052b8   Section        0  quoridor.o(.text)
    victory                                  0x000052b9   Thumb Code    22  quoridor.o(.text)
    getAvailableWalls                        0x000052cf   Thumb Code    26  quoridor.o(.text)
    posInPlatform                            0x000052e9   Thumb Code    34  quoridor.o(.text)
    centerWallInPlatform                     0x0000530b   Thumb Code    34  quoridor.o(.text)
    wallBetweenCells                         0x0000532d   Thumb Code   402  quoridor.o(.text)
    noWallBetween                            0x000054bf   Thumb Code   124  quoridor.o(.text)
    validPos                                 0x0000553b   Thumb Code    34  quoridor.o(.text)
    jumpOverOpponent                         0x0000555d   Thumb Code    46  quoridor.o(.text)
    checkReachability                        0x00005769   Thumb Code   256  quoridor.o(.text)
    exists_overlapping_wall                  0x00005869   Thumb Code   276  quoridor.o(.text)
    checkNotOverlapping                      0x0000597d   Thumb Code    44  quoridor.o(.text)
    validWallPos                             0x000059a9   Thumb Code    66  quoridor.o(.text)
    setWall                                  0x000059eb   Thumb Code    82  quoridor.o(.text)
    redrawWalls                              0x00005a3d   Thumb Code   120  quoridor.o(.text)
    moveWall                                 0x00005ab5   Thumb Code   202  quoridor.o(.text)
    setVictoryMessage                        0x00005b7f   Thumb Code    52  quoridor.o(.text)
    initPlayers                              0x00005bb3   Thumb Code    58  quoridor.o(.text)
    clearWalls                               0x00005bed   Thumb Code    14  quoridor.o(.text)
    initInterface                            0x00005bfb   Thumb Code    20  quoridor.o(.text)
    initPlayersData                          0x00005c2f   Thumb Code    36  quoridor.o(.text)
    initControls                             0x00005c53   Thumb Code    28  quoridor.o(.text)
    initChoiceData                           0x00005c6f   Thumb Code    28  quoridor.o(.text)
    .text                                    0x000063dc   Section        0  npc.o(.text)
    .text                                    0x000065cc   Section        0  queue.o(.text)
    .text                                    0x00006694   Section        0  coordinates.o(.text)
    abs                                      0x00006695   Thumb Code    14  coordinates.o(.text)
    .text                                    0x00006798   Section        0  irq_can.o(.text)
    .text                                    0x000068cc   Section        0  lib_can.o(.text)
    __NVIC_EnableIRQ                         0x000068cd   Thumb Code    34  lib_can.o(.text)
    CAN_cfgBaudrate                          0x000068ef   Thumb Code    70  lib_can.o(.text)
    .text                                    0x00006df8   Section       38  llshl.o(.text)
    .text                                    0x00006e20   Section        0  rand.o(.text)
    .text                                    0x00006e5c   Section        0  strcpy.o(.text)
    .text                                    0x00006ea4   Section        0  strlen.o(.text)
    .text                                    0x00006ee2   Section        0  strcat.o(.text)
    .text                                    0x00006efa   Section      138  rt_memcpy_v6.o(.text)
    .text                                    0x00006f84   Section      100  rt_memcpy_w.o(.text)
    .text                                    0x00006fe8   Section        0  heapauxi.o(.text)
    .text                                    0x00006fee   Section       74  sys_stackheap_outer.o(.text)
    .text                                    0x00007038   Section        0  exit.o(.text)
    .text                                    0x0000704c   Section        8  libspace.o(.text)
    .text                                    0x00007054   Section        0  sys_exit.o(.text)
    .constdata                               0x00007060   Section     1520  asciilib.o(.constdata)
    AsciiLib                                 0x00007060   Data        1520  asciilib.o(.constdata)
    .constdata                               0x00007650   Section       52  funct_joystick.o(.constdata)
    .constdata                               0x00007684   Section      343  quoridor.o(.constdata)
    .constdata                               0x000077dc   Section       64  npc.o(.constdata)
    .constdata                               0x0000781c   Section       68  lib_can.o(.constdata)
    STACK                                    0x10000000   Section     1024  startup_lpc17xx.o(STACK)
    Stack_Mem                                0x10000000   Data        1024  startup_lpc17xx.o(STACK)
    __initial_sp                             0x10000400   Data           0  startup_lpc17xx.o(STACK)
    .data                                    0x2007c000   Section        5  system_lpc17xx.o(.data)
    .data                                    0x2007c005   Section        1  glcd.o(.data)
    LCD_Code                                 0x2007c005   Data           1  glcd.o(.data)
    .data                                    0x2007c008   Section       12  irq_rit.o(.data)
    .data                                    0x2007c014   Section        4  funct_joystick.o(.data)
    cmdToExecute                             0x2007c014   Data           4  funct_joystick.o(.data)
    .data                                    0x2007c018   Section       12  quoridor.o(.data)
    .data                                    0x2007c024   Section        8  queue.o(.data)
    head                                     0x2007c024   Data           4  queue.o(.data)
    tail                                     0x2007c028   Data           4  queue.o(.data)
    .data                                    0x2007c02c   Section       20  irq_can.o(.data)
    puntiRicevuti1                           0x2007c02c   Data           4  irq_can.o(.data)
    puntiInviati1                            0x2007c030   Data           4  irq_can.o(.data)
    puntiRicevuti2                           0x2007c034   Data           4  irq_can.o(.data)
    puntiInviati2                            0x2007c038   Data           4  irq_can.o(.data)
    .data                                    0x2007c040   Section       16  lib_can.o(.data)
    CAN_std_cnt                              0x2007c048   Data           4  lib_can.o(.data)
    CAN_ext_cnt                              0x2007c04c   Data           4  lib_can.o(.data)
    .bss                                     0x2007c050   Section       40  funct_joystick.o(.bss)
    pressed                                  0x2007c050   Data          20  funct_joystick.o(.bss)
    pressed                                  0x2007c064   Data          20  funct_joystick.o(.bss)
    .bss                                     0x2007c078   Section      271  quoridor.o(.bss)
    .bss                                     0x2007c188   Section       32  lib_can.o(.bss)
    .bss                                     0x2007c1a8   Section      228  rand.o(.bss)
    .bss                                     0x2007c28c   Section       96  libspace.o(.bss)
    HEAP                                     0x2007c2f0   Section        0  startup_lpc17xx.o(HEAP)
    Heap_Mem                                 0x2007c2f0   Data           0  startup_lpc17xx.o(HEAP)

    Global Symbols

    Symbol Name                              Value     Ov Type        Size  Object(Section)

    BuildAttributes$$THM_ISAv4$P$D$K$B$S$PE$A:L22UL41UL21$X:L11$S22US41US21$IEEE1$IW$USESV6$~STKCKD$USESV7$~SHL$OSPACE$ROPI$EBA8$UX$STANDARDLIB$REQ8$PRES8$EABIv2 0x00000000   Number         0  anon$$obj.o ABSOLUTE
    __ARM_use_no_argv                        0x00000000   Number         0  sample.o ABSOLUTE
    __Vectors                                0x00000000   Data           4  startup_lpc17xx.o(RESET)
    __ARM_exceptions_init                     - Undefined Weak Reference
    __alloca_initialize                       - Undefined Weak Reference
    __arm_fini_                               - Undefined Weak Reference
    __arm_preinit_                            - Undefined Weak Reference
    __cpp_initialize__aeabi_                  - Undefined Weak Reference
    __cxa_finalize                            - Undefined Weak Reference
    __rt_locale                               - Undefined Weak Reference
    __sigvec_lookup                           - Undefined Weak Reference
    _atexit_init                              - Undefined Weak Reference
    _call_atexit_fns                          - Undefined Weak Reference
    _clock_init                               - Undefined Weak Reference
    _fp_trap_init                             - Undefined Weak Reference
    _fp_trap_shutdown                         - Undefined Weak Reference
    _get_lc_collate                           - Undefined Weak Reference
    _get_lc_ctype                             - Undefined Weak Reference
    _get_lc_monetary                          - Undefined Weak Reference
    _get_lc_numeric                           - Undefined Weak Reference
    _get_lc_time                              - Undefined Weak Reference
    _getenv_init                              - Undefined Weak Reference
    _handle_redirection                       - Undefined Weak Reference
    _init_alloc                               - Undefined Weak Reference
    _init_user_alloc                          - Undefined Weak Reference
    _initio                                   - Undefined Weak Reference
    _signal_finish                            - Undefined Weak Reference
    _signal_init                              - Undefined Weak Reference
    _terminate_alloc                          - Undefined Weak Reference
    _terminate_user_alloc                     - Undefined Weak Reference
    _terminateio                              - Undefined Weak Reference
    __main                                   0x000000cd   Thumb Code     8  __main.o(!!!main)
    __scatterload                            0x000000d5   Thumb Code     0  __scatter.o(!!!scatter)
    __scatterload_rt2                        0x000000d5   Thumb Code    44  __scatter.o(!!!scatter)
    __scatterload_rt2_thumb_only             0x000000d5   Thumb Code     0  __scatter.o(!!!scatter)
    __scatterload_null                       0x000000e3   Thumb Code     0  __scatter.o(!!!scatter)
    __scatterload_copy                       0x00000109   Thumb Code    26  __scatter_copy.o(!!handler_copy)
    __scatterload_zeroinit                   0x00000125   Thumb Code    28  __scatter_zi.o(!!handler_zi)
    __rt_lib_init                            0x00000141   Thumb Code     0  libinit.o(.ARM.Collect$$libinit$$00000000)
    __rt_lib_init_fp_1                       0x00000143   Thumb Code     0  libinit2.o(.ARM.Collect$$libinit$$00000002)
    __rt_lib_init_heap_1                     0x00000143   Thumb Code     0  libinit2.o(.ARM.Collect$$libinit$$0000000A)
    __rt_lib_init_preinit_1                  0x00000143   Thumb Code     0  libinit2.o(.ARM.Collect$$libinit$$00000004)
    __rt_lib_init_rand_2                     0x00000143   Thumb Code     0  libinit2.o(.ARM.Collect$$libinit$$0000000D)
    __rt_lib_init_user_alloc_1               0x00000143   Thumb Code     0  libinit2.o(.ARM.Collect$$libinit$$0000000C)
    __rt_lib_init_alloca_1                   0x00000147   Thumb Code     0  libinit2.o(.ARM.Collect$$libinit$$0000002E)
    __rt_lib_init_argv_1                     0x00000147   Thumb Code     0  libinit2.o(.ARM.Collect$$libinit$$0000002C)
    __rt_lib_init_atexit_1                   0x00000147   Thumb Code     0  libinit2.o(.ARM.Collect$$libinit$$0000001B)
    __rt_lib_init_clock_1                    0x00000147   Thumb Code     0  libinit2.o(.ARM.Collect$$libinit$$00000021)
    __rt_lib_init_cpp_1                      0x00000147   Thumb Code     0  libinit2.o(.ARM.Collect$$libinit$$00000032)
    __rt_lib_init_exceptions_1               0x00000147   Thumb Code     0  libinit2.o(.ARM.Collect$$libinit$$00000030)
    __rt_lib_init_fp_trap_1                  0x00000147   Thumb Code     0  libinit2.o(.ARM.Collect$$libinit$$0000001F)
    __rt_lib_init_getenv_1                   0x00000147   Thumb Code     0  libinit2.o(.ARM.Collect$$libinit$$00000023)
    __rt_lib_init_lc_collate_1               0x00000147   Thumb Code     0  libinit2.o(.ARM.Collect$$libinit$$00000011)
    __rt_lib_init_lc_ctype_1                 0x00000147   Thumb Code     0  libinit2.o(.ARM.Collect$$libinit$$00000013)
    __rt_lib_init_lc_monetary_1              0x00000147   Thumb Code     0  libinit2.o(.ARM.Collect$$libinit$$00000015)
    __rt_lib_init_lc_numeric_1               0x00000147   Thumb Code     0  libinit2.o(.ARM.Collect$$libinit$$00000017)
    __rt_lib_init_lc_time_1                  0x00000147   Thumb Code     0  libinit2.o(.ARM.Collect$$libinit$$00000019)
    __rt_lib_init_rand_1                     0x00000147   Thumb Code     0  libinit2.o(.ARM.Collect$$libinit$$0000000E)
    __rt_lib_init_return                     0x00000147   Thumb Code     0  libinit2.o(.ARM.Collect$$libinit$$00000033)
    __rt_lib_init_signal_1                   0x00000147   Thumb Code     0  libinit2.o(.ARM.Collect$$libinit$$0000001D)
    __rt_lib_init_stdio_1                    0x00000147   Thumb Code     0  libinit2.o(.ARM.Collect$$libinit$$00000025)
    __rt_lib_shutdown                        0x00000149   Thumb Code     0  libshutdown.o(.ARM.Collect$$libshutdown$$00000000)
    __rt_lib_shutdown_cpp_1                  0x0000014b   Thumb Code     0  libshutdown2.o(.ARM.Collect$$libshutdown$$00000004)
    __rt_lib_shutdown_fini_1                 0x0000014b   Thumb Code     0  libshutdown2.o(.ARM.Collect$$libshutdown$$00000002)
    __rt_lib_shutdown_fp_trap_1              0x0000014b   Thumb Code     0  libshutdown2.o(.ARM.Collect$$libshutdown$$00000009)
    __rt_lib_shutdown_heap_1                 0x0000014b   Thumb Code     0  libshutdown2.o(.ARM.Collect$$libshutdown$$00000011)
    __rt_lib_shutdown_return                 0x0000014b   Thumb Code     0  libshutdown2.o(.ARM.Collect$$libshutdown$$00000012)
    __rt_lib_shutdown_signal_1               0x0000014b   Thumb Code     0  libshutdown2.o(.ARM.Collect$$libshutdown$$0000000C)
    __rt_lib_shutdown_stdio_1                0x0000014b   Thumb Code     0  libshutdown2.o(.ARM.Collect$$libshutdown$$00000006)
    __rt_lib_shutdown_user_alloc_1           0x0000014b   Thumb Code     0  libshutdown2.o(.ARM.Collect$$libshutdown$$0000000E)
    __rt_entry                               0x0000014d   Thumb Code     0  __rtentry.o(.ARM.Collect$$rtentry$$00000000)
    __rt_entry_presh_1                       0x0000014d   Thumb Code     0  __rtentry2.o(.ARM.Collect$$rtentry$$00000002)
    __rt_entry_sh                            0x0000014d   Thumb Code     0  __rtentry4.o(.ARM.Collect$$rtentry$$00000004)
    __rt_entry_li                            0x00000153   Thumb Code     0  __rtentry2.o(.ARM.Collect$$rtentry$$0000000A)
    __rt_entry_postsh_1                      0x00000153   Thumb Code     0  __rtentry2.o(.ARM.Collect$$rtentry$$00000009)
    __rt_entry_main                          0x00000157   Thumb Code     0  __rtentry2.o(.ARM.Collect$$rtentry$$0000000D)
    __rt_entry_postli_1                      0x00000157   Thumb Code     0  __rtentry2.o(.ARM.Collect$$rtentry$$0000000C)
    __rt_exit                                0x0000015f   Thumb Code     0  rtexit.o(.ARM.Collect$$rtexit$$00000000)
    __rt_exit_ls                             0x00000161   Thumb Code     0  rtexit2.o(.ARM.Collect$$rtexit$$00000003)
    __rt_exit_prels_1                        0x00000161   Thumb Code     0  rtexit2.o(.ARM.Collect$$rtexit$$00000002)
    __rt_exit_exit                           0x00000165   Thumb Code     0  rtexit2.o(.ARM.Collect$$rtexit$$00000004)
    rand                                     0x0000016d   Thumb Code    48  rand.o(.emb_text)
    Reset_Handler                            0x000001a1   Thumb Code     4  startup_lpc17xx.o(.text)
    NMI_Handler                              0x000001a5   Thumb Code     2  startup_lpc17xx.o(.text)
    HardFault_Handler                        0x000001a7   Thumb Code     2  startup_lpc17xx.o(.text)
    MemManage_Handler                        0x000001a9   Thumb Code     2  startup_lpc17xx.o(.text)
    BusFault_Handler                         0x000001ab   Thumb Code     2  startup_lpc17xx.o(.text)
    UsageFault_Handler                       0x000001ad   Thumb Code     2  startup_lpc17xx.o(.text)
    SVC_Handler                              0x000001af   Thumb Code     2  startup_lpc17xx.o(.text)
    DebugMon_Handler                         0x000001b1   Thumb Code     2  startup_lpc17xx.o(.text)
    PendSV_Handler                           0x000001b3   Thumb Code     2  startup_lpc17xx.o(.text)
    SysTick_Handler                          0x000001b5   Thumb Code     2  startup_lpc17xx.o(.text)
    ADC_IRQHandler                           0x000001b7   Thumb Code     0  startup_lpc17xx.o(.text)
    BOD_IRQHandler                           0x000001b7   Thumb Code     0  startup_lpc17xx.o(.text)
    CANActivity_IRQHandler                   0x000001b7   Thumb Code     0  startup_lpc17xx.o(.text)
    DMA_IRQHandler                           0x000001b7   Thumb Code     0  startup_lpc17xx.o(.text)
    EINT3_IRQHandler                         0x000001b7   Thumb Code     0  startup_lpc17xx.o(.text)
    ENET_IRQHandler                          0x000001b7   Thumb Code     0  startup_lpc17xx.o(.text)
    I2C0_IRQHandler                          0x000001b7   Thumb Code     0  startup_lpc17xx.o(.text)
    I2C1_IRQHandler                          0x000001b7   Thumb Code     0  startup_lpc17xx.o(.text)
    I2C2_IRQHandler                          0x000001b7   Thumb Code     0  startup_lpc17xx.o(.text)
    I2S_IRQHandler                           0x000001b7   Thumb Code     0  startup_lpc17xx.o(.text)
    MCPWM_IRQHandler                         0x000001b7   Thumb Code     0  startup_lpc17xx.o(.text)
    PLL0_IRQHandler                          0x000001b7   Thumb Code     0  startup_lpc17xx.o(.text)
    PLL1_IRQHandler                          0x000001b7   Thumb Code     0  startup_lpc17xx.o(.text)
    PWM1_IRQHandler                          0x000001b7   Thumb Code     0  startup_lpc17xx.o(.text)
    QEI_IRQHandler                           0x000001b7   Thumb Code     0  startup_lpc17xx.o(.text)
    RTC_IRQHandler                           0x000001b7   Thumb Code     0  startup_lpc17xx.o(.text)
    SPI_IRQHandler                           0x000001b7   Thumb Code     0  startup_lpc17xx.o(.text)
    SSP0_IRQHandler                          0x000001b7   Thumb Code     0  startup_lpc17xx.o(.text)
    SSP1_IRQHandler                          0x000001b7   Thumb Code     0  startup_lpc17xx.o(.text)
    TIMER1_IRQHandler                        0x000001b7   Thumb Code     0  startup_lpc17xx.o(.text)
    TIMER2_IRQHandler                        0x000001b7   Thumb Code     0  startup_lpc17xx.o(.text)
    TIMER3_IRQHandler                        0x000001b7   Thumb Code     0  startup_lpc17xx.o(.text)
    UART0_IRQHandler                         0x000001b7   Thumb Code     0  startup_lpc17xx.o(.text)
    UART1_IRQHandler                         0x000001b7   Thumb Code     0  startup_lpc17xx.o(.text)
    UART2_IRQHandler                         0x000001b7   Thumb Code     0  startup_lpc17xx.o(.text)
    UART3_IRQHandler                         0x000001b7   Thumb Code     0  startup_lpc17xx.o(.text)
    USBActivity_IRQHandler                   0x000001b7   Thumb Code     0  startup_lpc17xx.o(.text)
    USB_IRQHandler                           0x000001b7   Thumb Code     0  startup_lpc17xx.o(.text)
    WDT_IRQHandler                           0x000001b7   Thumb Code     0  startup_lpc17xx.o(.text)
    __user_initial_stackheap                 0x000001b9   Thumb Code     0  startup_lpc17xx.o(.text)
    main                                     0x000001d5   Thumb Code    78  sample.o(.text)
    enable_timer                             0x00000253   Thumb Code    20  lib_timer.o(.text)
    disable_timer                            0x00000267   Thumb Code    20  lib_timer.o(.text)
    reset_timer                              0x0000027b   Thumb Code    30  lib_timer.o(.text)
    init_timer                               0x00000299   Thumb Code    60  lib_timer.o(.text)
    GetASCIICode                             0x000002d9   Thumb Code    26  asciilib.o(.text)
    __I$use$semihosting                      0x000002f9   Thumb Code     0  use_no_semi.o(.text)
    __use_no_semihosting_swi                 0x000002f9   Thumb Code     2  use_no_semi.o(.text)
    __semihosting_library_function           0x000002fb   Thumb Code     0  indicate_semi.o(.text)
    SystemInit                               0x00000301   Thumb Code   552  system_lpc17xx.o(.text)
    TIMER0_IRQHandler                        0x0000054d   Thumb Code   222  irq_timer.o(.text)
    LCD_Initialization                       0x00000bbf   Thumb Code 12014  glcd.o(.text)
    LCD_Clear                                0x00003aad   Thumb Code  1520  glcd.o(.text)
    LCD_GetPoint                             0x000040b7   Thumb Code   994  glcd.o(.text)
    LCD_SetPoint                             0x00004499   Thumb Code   206  glcd.o(.text)
    LCD_DrawLine                             0x00004567   Thumb Code   250  glcd.o(.text)
    PutChar                                  0x00004661   Thumb Code   100  glcd.o(.text)
    GUI_Text                                 0x000046c5   Thumb Code    80  glcd.o(.text)
    RIT_IRQHandler                           0x00004719   Thumb Code   256  irq_rit.o(.text)
    enable_RIT                               0x00004831   Thumb Code    14  lib_rit.o(.text)
    disable_RIT                              0x0000483f   Thumb Code    14  lib_rit.o(.text)
    reset_RIT                                0x0000484d   Thumb Code     8  lib_rit.o(.text)
    init_RIT                                 0x00004855   Thumb Code    98  lib_rit.o(.text)
    INT0_function                            0x000048c5   Thumb Code    36  irq_button.o(.text)
    KEY1_function                            0x000048e9   Thumb Code    82  irq_button.o(.text)
    KEY2_function                            0x0000493b   Thumb Code    24  irq_button.o(.text)
    EINT0_IRQHandler                         0x00004953   Thumb Code    32  irq_button.o(.text)
    EINT1_IRQHandler                         0x00004973   Thumb Code    32  irq_button.o(.text)
    EINT2_IRQHandler                         0x00004993   Thumb Code    32  irq_button.o(.text)
    BUTTON_init                              0x00004a6b   Thumb Code   124  lib_button.o(.text)
    enable_button                            0x00004ae7   Thumb Code    30  lib_button.o(.text)
    disable_button                           0x00004b05   Thumb Code    54  lib_button.o(.text)
    disabled_button                          0x00004b3b   Thumb Code    28  lib_button.o(.text)
    joystick_controller_chooseMode           0x00004b9b   Thumb Code   110  funct_joystick.o(.text)
    joystick_controller_move                 0x00004c09   Thumb Code   268  funct_joystick.o(.text)
    joystick_init                            0x00004d31   Thumb Code   122  lib_joystick.o(.text)
    drawOptionBorder                         0x00004de1   Thumb Code    92  interface.o(.text)
    drawMenu                                 0x00004e85   Thumb Code    72  interface.o(.text)
    highliteChoice                           0x00004ecd   Thumb Code    54  interface.o(.text)
    drawChessPlatform                        0x00004f03   Thumb Code   264  interface.o(.text)
    drawToken                                0x0000500b   Thumb Code    84  interface.o(.text)
    writeWallsStats                          0x0000505f   Thumb Code   112  interface.o(.text)
    writeTimeRemaining                       0x000050cf   Thumb Code    74  interface.o(.text)
    drawSquareArea                           0x00005119   Thumb Code    80  interface.o(.text)
    drawWall                                 0x00005169   Thumb Code   168  interface.o(.text)
    clearMessage                             0x00005211   Thumb Code    74  interface.o(.text)
    writeMessage                             0x0000525b   Thumb Code    70  interface.o(.text)
    getOtherPlayer                           0x0000558b   Thumb Code     8  quoridor.o(.text)
    selectAdj                                0x00005593   Thumb Code   326  quoridor.o(.text)
    isHighlitedAdj                           0x000056d9   Thumb Code   144  quoridor.o(.text)
    setMode                                  0x00005c0f   Thumb Code    32  quoridor.o(.text)
    initGame                                 0x00005c8b   Thumb Code    20  quoridor.o(.text)
    highliteAdj                              0x00005c9f   Thumb Code    60  quoridor.o(.text)
    setPlayer                                0x00005cdb   Thumb Code   304  quoridor.o(.text)
    eraseHighlightedAdj                      0x00005e0b   Thumb Code    50  quoridor.o(.text)
    setNextPos                               0x00005e3d   Thumb Code   102  quoridor.o(.text)
    saveMove                                 0x00005ea3   Thumb Code    34  quoridor.o(.text)
    move                                     0x00005ec5   Thumb Code   258  quoridor.o(.text)
    newWall                                  0x00005fc7   Thumb Code    62  quoridor.o(.text)
    rotateWall                               0x00006005   Thumb Code   166  quoridor.o(.text)
    confirmWall                              0x000060ab   Thumb Code   274  quoridor.o(.text)
    undoWall                                 0x000061bd   Thumb Code   146  quoridor.o(.text)
    setNextWall                              0x0000624f   Thumb Code   110  quoridor.o(.text)
    sendChoice                               0x000062bd   Thumb Code     8  quoridor.o(.text)
    setNextChoice                            0x000062c5   Thumb Code    38  quoridor.o(.text)
    confirmChoice                            0x000062eb   Thumb Code   234  quoridor.o(.text)
    moveSelected                             0x000063dd   Thumb Code    82  npc.o(.text)
    NPC_playTurn                             0x0000642f   Thumb Code   410  npc.o(.text)
    isEmpty                                  0x000065cd   Thumb Code    34  queue.o(.text)
    initQueue                                0x000065ef   Thumb Code    52  queue.o(.text)
    enqueue                                  0x00006623   Thumb Code    48  queue.o(.text)
    dequeue                                  0x00006653   Thumb Code    56  queue.o(.text)
    newCoord                                 0x000066a3   Thumb Code    16  coordinates.o(.text)
    changeCoord                              0x000066b3   Thumb Code    30  coordinates.o(.text)
    equalCoordX                              0x000066d1   Thumb Code    20  coordinates.o(.text)
    equalCoordY                              0x000066e5   Thumb Code    20  coordinates.o(.text)
    equalCoord                               0x000066f9   Thumb Code    32  coordinates.o(.text)
    coordCmpX                                0x00006719   Thumb Code    12  coordinates.o(.text)
    coordCmpY                                0x00006725   Thumb Code    12  coordinates.o(.text)
    coordDiffX                               0x00006731   Thumb Code    12  coordinates.o(.text)
    coordDiffY                               0x0000673d   Thumb Code    12  coordinates.o(.text)
    coordDiff                                0x00006749   Thumb Code    40  coordinates.o(.text)
    coordDistX                               0x00006771   Thumb Code    20  coordinates.o(.text)
    coordDistY                               0x00006785   Thumb Code    20  coordinates.o(.text)
    CAN_IRQHandler                           0x00006799   Thumb Code   264  irq_can.o(.text)
    CAN_setup                                0x00006935   Thumb Code   140  lib_can.o(.text)
    CAN_start                                0x000069c1   Thumb Code    18  lib_can.o(.text)
    CAN_waitReady                            0x000069d3   Thumb Code    26  lib_can.o(.text)
    CAN_wrMsg                                0x000069ed   Thumb Code    84  lib_can.o(.text)
    CAN_rdMsg                                0x00006a41   Thumb Code    52  lib_can.o(.text)
    CAN_wrFilter                             0x00006a75   Thumb Code   822  lib_can.o(.text)
    CAN_Init                                 0x00006dab   Thumb Code    60  lib_can.o(.text)
    __aeabi_llsl                             0x00006df9   Thumb Code     0  llshl.o(.text)
    _ll_shift_l                              0x00006df9   Thumb Code    38  llshl.o(.text)
    srand                                    0x00006e21   Thumb Code    42  rand.o(.text)
    _rand_init                               0x00006e4b   Thumb Code     4  rand.o(.text)
    strcpy                                   0x00006e5d   Thumb Code    72  strcpy.o(.text)
    strlen                                   0x00006ea5   Thumb Code    62  strlen.o(.text)
    strcat                                   0x00006ee3   Thumb Code    24  strcat.o(.text)
    __aeabi_memcpy                           0x00006efb   Thumb Code     0  rt_memcpy_v6.o(.text)
    __rt_memcpy                              0x00006efb   Thumb Code   138  rt_memcpy_v6.o(.text)
    _memcpy_lastbytes                        0x00006f61   Thumb Code     0  rt_memcpy_v6.o(.text)
    __aeabi_memcpy4                          0x00006f85   Thumb Code     0  rt_memcpy_w.o(.text)
    __aeabi_memcpy8                          0x00006f85   Thumb Code     0  rt_memcpy_w.o(.text)
    __rt_memcpy_w                            0x00006f85   Thumb Code   100  rt_memcpy_w.o(.text)
    _memcpy_lastbytes_aligned                0x00006fcd   Thumb Code     0  rt_memcpy_w.o(.text)
    __use_two_region_memory                  0x00006fe9   Thumb Code     2  heapauxi.o(.text)
    __rt_heap_escrow$2region                 0x00006feb   Thumb Code     2  heapauxi.o(.text)
    __rt_heap_expand$2region                 0x00006fed   Thumb Code     2  heapauxi.o(.text)
    __user_setup_stackheap                   0x00006fef   Thumb Code    74  sys_stackheap_outer.o(.text)
    exit                                     0x00007039   Thumb Code    18  exit.o(.text)
    __user_libspace                          0x0000704d   Thumb Code     8  libspace.o(.text)
    __user_perproc_libspace                  0x0000704d   Thumb Code     0  libspace.o(.text)
    __user_perthread_libspace                0x0000704d   Thumb Code     0  libspace.o(.text)
    _sys_exit                                0x00007055   Thumb Code     8  sys_exit.o(.text)
    MENU_MESSAGES                            0x00007684   Data         240  quoridor.o(.constdata)
    START_POS_PLAYER1                        0x00007774   Data           8  quoridor.o(.constdata)
    START_POS_PLAYER2                        0x0000777c   Data           8  quoridor.o(.constdata)
    WALL_DEFAULT_POS                         0x00007784   Data           8  quoridor.o(.constdata)
    PLAYER_COLORS                            0x0000778c   Data           8  quoridor.o(.constdata)
    WALL_COLORS                              0x00007794   Data           8  quoridor.o(.constdata)
    moves                                    0x0000779c   Data          32  quoridor.o(.constdata)
    POSSIBLE_MOVES                           0x000077dc   Data          64  npc.o(.constdata)
    CAN_BIT_TIME                             0x0000781c   Data          68  lib_can.o(.constdata)
    Region$$Table$$Base                      0x00007860   Number         0  anon$$obj.o(Region$$Table)
    Region$$Table$$Limit                     0x00007890   Number         0  anon$$obj.o(Region$$Table)
    SystemFrequency                          0x2007c000   Data           4  system_lpc17xx.o(.data)
    ScaleFlag                                0x2007c004   Data           1  system_lpc17xx.o(.data)
    down_int0                                0x2007c008   Data           4  irq_rit.o(.data)
    down_key1                                0x2007c00c   Data           4  irq_rit.o(.data)
    down_key2                                0x2007c010   Data           4  irq_rit.o(.data)
    provChoice                               0x2007c018   Data           4  quoridor.o(.data)
    nextPos                                  0x2007c01c   Data           8  quoridor.o(.data)
    val_RxCoordX                             0x2007c03c   Data           2  irq_can.o(.data)
    val_RxCoordY                             0x2007c03e   Data           2  irq_can.o(.data)
    icr                                      0x2007c040   Data           1  lib_can.o(.data)
    result                                   0x2007c044   Data           4  lib_can.o(.data)
    gm                                       0x2007c078   Data          20  quoridor.o(.bss)
    ms                                       0x2007c08c   Data         220  quoridor.o(.bss)
    message                                  0x2007c168   Data          31  quoridor.o(.bss)
    CAN_TxMsg                                0x2007c188   Data          16  lib_can.o(.bss)
    CAN_RxMsg                                0x2007c198   Data          16  lib_can.o(.bss)
    _random_number_data                      0x2007c1a8   Data         228  rand.o(.bss)
    __libspace_start                         0x2007c28c   Data          96  libspace.o(.bss)
    __temporary_stack_top$libspace           0x2007c2ec   Data           0  libspace.o(.bss)



==============================================================================

Memory Map of the image

  Image Entry point : 0x000000cd

  Load Region LR_IROM1 (Base: 0x00000000, Size: 0x000078e0, Max: 0x00080000, ABSOLUTE)

    Execution Region ER_IROM1 (Exec base: 0x00000000, Load base: 0x00000000, Size: 0x00007890, Max: 0x00080000, ABSOLUTE)

    Exec Addr    Load Addr    Size         Type   Attr      Idx    E Section Name        Object

    0x00000000   0x00000000   0x000000cc   Data   RO            3    RESET               startup_lpc17xx.o
    0x000000cc   0x000000cc   0x00000008   Code   RO          725  * !!!main             c_w.l(__main.o)
    0x000000d4   0x000000d4   0x00000034   Code   RO          884    !!!scatter          c_w.l(__scatter.o)
    0x00000108   0x00000108   0x0000001a   Code   RO          886    !!handler_copy      c_w.l(__scatter_copy.o)
    0x00000122   0x00000122   0x00000002   PAD
    0x00000124   0x00000124   0x0000001c   Code   RO          888    !!handler_zi        c_w.l(__scatter_zi.o)
    0x00000140   0x00000140   0x00000002   Code   RO          805    .ARM.Collect$$libinit$$00000000  c_w.l(libinit.o)
    0x00000142   0x00000142   0x00000000   Code   RO          729    .ARM.Collect$$libinit$$00000002  c_w.l(libinit2.o)
    0x00000142   0x00000142   0x00000000   Code   RO          731    .ARM.Collect$$libinit$$00000004  c_w.l(libinit2.o)
    0x00000142   0x00000142   0x00000000   Code   RO          734    .ARM.Collect$$libinit$$0000000A  c_w.l(libinit2.o)
    0x00000142   0x00000142   0x00000000   Code   RO          736    .ARM.Collect$$libinit$$0000000C  c_w.l(libinit2.o)
    0x00000142   0x00000142   0x00000004   Code   RO          737    .ARM.Collect$$libinit$$0000000D  c_w.l(libinit2.o)
    0x00000146   0x00000146   0x00000000   Code   RO          738    .ARM.Collect$$libinit$$0000000E  c_w.l(libinit2.o)
    0x00000146   0x00000146   0x00000000   Code   RO          741    .ARM.Collect$$libinit$$00000011  c_w.l(libinit2.o)
    0x00000146   0x00000146   0x00000000   Code   RO          743    .ARM.Collect$$libinit$$00000013  c_w.l(libinit2.o)
    0x00000146   0x00000146   0x00000000   Code   RO          745    .ARM.Collect$$libinit$$00000015  c_w.l(libinit2.o)
    0x00000146   0x00000146   0x00000000   Code   RO          747    .ARM.Collect$$libinit$$00000017  c_w.l(libinit2.o)
    0x00000146   0x00000146   0x00000000   Code   RO          749    .ARM.Collect$$libinit$$00000019  c_w.l(libinit2.o)
    0x00000146   0x00000146   0x00000000   Code   RO          751    .ARM.Collect$$libinit$$0000001B  c_w.l(libinit2.o)
    0x00000146   0x00000146   0x00000000   Code   RO          753    .ARM.Collect$$libinit$$0000001D  c_w.l(libinit2.o)
    0x00000146   0x00000146   0x00000000   Code   RO          755    .ARM.Collect$$libinit$$0000001F  c_w.l(libinit2.o)
    0x00000146   0x00000146   0x00000000   Code   RO          757    .ARM.Collect$$libinit$$00000021  c_w.l(libinit2.o)
    0x00000146   0x00000146   0x00000000   Code   RO          759    .ARM.Collect$$libinit$$00000023  c_w.l(libinit2.o)
    0x00000146   0x00000146   0x00000000   Code   RO          761    .ARM.Collect$$libinit$$00000025  c_w.l(libinit2.o)
    0x00000146   0x00000146   0x00000000   Code   RO          765    .ARM.Collect$$libinit$$0000002C  c_w.l(libinit2.o)
    0x00000146   0x00000146   0x00000000   Code   RO          767    .ARM.Collect$$libinit$$0000002E  c_w.l(libinit2.o)
    0x00000146   0x00000146   0x00000000   Code   RO          769    .ARM.Collect$$libinit$$00000030  c_w.l(libinit2.o)
    0x00000146   0x00000146   0x00000000   Code   RO          771    .ARM.Collect$$libinit$$00000032  c_w.l(libinit2.o)
    0x00000146   0x00000146   0x00000002   Code   RO          772    .ARM.Collect$$libinit$$00000033  c_w.l(libinit2.o)
    0x00000148   0x00000148   0x00000002   Code   RO          843    .ARM.Collect$$libshutdown$$00000000  c_w.l(libshutdown.o)
    0x0000014a   0x0000014a   0x00000000   Code   RO          849    .ARM.Collect$$libshutdown$$00000002  c_w.l(libshutdown2.o)
    0x0000014a   0x0000014a   0x00000000   Code   RO          851    .ARM.Collect$$libshutdown$$00000004  c_w.l(libshutdown2.o)
    0x0000014a   0x0000014a   0x00000000   Code   RO          853    .ARM.Collect$$libshutdown$$00000006  c_w.l(libshutdown2.o)
    0x0000014a   0x0000014a   0x00000000   Code   RO          856    .ARM.Collect$$libshutdown$$00000009  c_w.l(libshutdown2.o)
    0x0000014a   0x0000014a   0x00000000   Code   RO          859    .ARM.Collect$$libshutdown$$0000000C  c_w.l(libshutdown2.o)
    0x0000014a   0x0000014a   0x00000000   Code   RO          861    .ARM.Collect$$libshutdown$$0000000E  c_w.l(libshutdown2.o)
    0x0000014a   0x0000014a   0x00000000   Code   RO          864    .ARM.Collect$$libshutdown$$00000011  c_w.l(libshutdown2.o)
    0x0000014a   0x0000014a   0x00000002   Code   RO          865    .ARM.Collect$$libshutdown$$00000012  c_w.l(libshutdown2.o)
    0x0000014c   0x0000014c   0x00000000   Code   RO          727    .ARM.Collect$$rtentry$$00000000  c_w.l(__rtentry.o)
    0x0000014c   0x0000014c   0x00000000   Code   RO          774    .ARM.Collect$$rtentry$$00000002  c_w.l(__rtentry2.o)
    0x0000014c   0x0000014c   0x00000006   Code   RO          786    .ARM.Collect$$rtentry$$00000004  c_w.l(__rtentry4.o)
    0x00000152   0x00000152   0x00000000   Code   RO          776    .ARM.Collect$$rtentry$$00000009  c_w.l(__rtentry2.o)
    0x00000152   0x00000152   0x00000004   Code   RO          777    .ARM.Collect$$rtentry$$0000000A  c_w.l(__rtentry2.o)
    0x00000156   0x00000156   0x00000000   Code   RO          779    .ARM.Collect$$rtentry$$0000000C  c_w.l(__rtentry2.o)
    0x00000156   0x00000156   0x00000008   Code   RO          780    .ARM.Collect$$rtentry$$0000000D  c_w.l(__rtentry2.o)
    0x0000015e   0x0000015e   0x00000002   Code   RO          811    .ARM.Collect$$rtexit$$00000000  c_w.l(rtexit.o)
    0x00000160   0x00000160   0x00000000   Code   RO          823    .ARM.Collect$$rtexit$$00000002  c_w.l(rtexit2.o)
    0x00000160   0x00000160   0x00000004   Code   RO          824    .ARM.Collect$$rtexit$$00000003  c_w.l(rtexit2.o)
    0x00000164   0x00000164   0x00000006   Code   RO          825    .ARM.Collect$$rtexit$$00000004  c_w.l(rtexit2.o)
    0x0000016a   0x0000016a   0x00000002   PAD
    0x0000016c   0x0000016c   0x00000034   Code   RO          708    .emb_text           c_w.l(rand.o)
    0x000001a0   0x000001a0   0x00000034   Code   RO            5    .text               startup_lpc17xx.o
    0x000001d4   0x000001d4   0x0000005c   Code   RO           16    .text               sample.o
    0x00000230   0x00000230   0x000000a8   Code   RO          187    .text               lib_timer.o
    0x000002d8   0x000002d8   0x00000020   Code   RO          212    .text               asciilib.o
    0x000002f8   0x000002f8   0x00000002   Code   RO          819    .text               c_w.l(use_no_semi.o)
    0x000002fa   0x000002fa   0x00000000   Code   RO          821    .text               c_w.l(indicate_semi.o)
    0x000002fa   0x000002fa   0x00000002   PAD
    0x000002fc   0x000002fc   0x00000004   Code   RO            4    .ARM.__at_0x02FC    startup_lpc17xx.o
    0x00000300   0x00000300   0x0000024c   Code   RO          107    .text               system_lpc17xx.o
    0x0000054c   0x0000054c   0x000000e8   Code   RO          134    .text               irq_timer.o
    0x00000634   0x00000634   0x000040e4   Code   RO          232    .text               glcd.o
    0x00004718   0x00004718   0x00000118   Code   RO          278    .text               irq_rit.o
    0x00004830   0x00004830   0x00000094   Code   RO          318    .text               lib_rit.o
    0x000048c4   0x000048c4   0x00000164   Code   RO          346    .text               irq_button.o
    0x00004a28   0x00004a28   0x00000148   Code   RO          397    .text               lib_button.o
    0x00004b70   0x00004b70   0x000001c0   Code   RO          425    .text               funct_joystick.o
    0x00004d30   0x00004d30   0x00000084   Code   RO          462    .text               lib_joystick.o
    0x00004db4   0x00004db4   0x00000504   Code   RO          486    .text               interface.o
    0x000052b8   0x000052b8   0x00001124   Code   RO          523    .text               quoridor.o
    0x000063dc   0x000063dc   0x000001f0   Code   RO          578    .text               npc.o
    0x000065cc   0x000065cc   0x000000c8   Code   RO          593    .text               queue.o
    0x00006694   0x00006694   0x00000104   Code   RO          613    .text               coordinates.o
    0x00006798   0x00006798   0x00000134   Code   RO          631    .text               irq_can.o
    0x000068cc   0x000068cc   0x0000052c   Code   RO          675    .text               lib_can.o
    0x00006df8   0x00006df8   0x00000026   Code   RO          706    .text               c_w.l(llshl.o)
    0x00006e1e   0x00006e1e   0x00000002   PAD
    0x00006e20   0x00006e20   0x0000003c   Code   RO          709    .text               c_w.l(rand.o)
    0x00006e5c   0x00006e5c   0x00000048   Code   RO          713    .text               c_w.l(strcpy.o)
    0x00006ea4   0x00006ea4   0x0000003e   Code   RO          715    .text               c_w.l(strlen.o)
    0x00006ee2   0x00006ee2   0x00000018   Code   RO          717    .text               c_w.l(strcat.o)
    0x00006efa   0x00006efa   0x0000008a   Code   RO          719    .text               c_w.l(rt_memcpy_v6.o)
    0x00006f84   0x00006f84   0x00000064   Code   RO          721    .text               c_w.l(rt_memcpy_w.o)
    0x00006fe8   0x00006fe8   0x00000006   Code   RO          723    .text               c_w.l(heapauxi.o)
    0x00006fee   0x00006fee   0x0000004a   Code   RO          792    .text               c_w.l(sys_stackheap_outer.o)
    0x00007038   0x00007038   0x00000012   Code   RO          794    .text               c_w.l(exit.o)
    0x0000704a   0x0000704a   0x00000002   PAD
    0x0000704c   0x0000704c   0x00000008   Code   RO          808    .text               c_w.l(libspace.o)
    0x00007054   0x00007054   0x0000000c   Code   RO          835    .text               c_w.l(sys_exit.o)
    0x00007060   0x00007060   0x000005f0   Data   RO          213    .constdata          asciilib.o
    0x00007650   0x00007650   0x00000034   Data   RO          427    .constdata          funct_joystick.o
    0x00007684   0x00007684   0x00000157   Data   RO          525    .constdata          quoridor.o
    0x000077db   0x000077db   0x00000001   PAD
    0x000077dc   0x000077dc   0x00000040   Data   RO          579    .constdata          npc.o
    0x0000781c   0x0000781c   0x00000044   Data   RO          677    .constdata          lib_can.o
    0x00007860   0x00007860   0x00000030   Data   RO          882    Region$$Table       anon$$obj.o


    Execution Region RW_IRAM1 (Exec base: 0x10000000, Load base: 0x00007890, Size: 0x00000400, Max: 0x00008000, ABSOLUTE)

    Exec Addr    Load Addr    Size         Type   Attr      Idx    E Section Name        Object

    0x10000000        -       0x00000400   Zero   RW            1    STACK               startup_lpc17xx.o


    Execution Region RW_IRAM2 (Exec base: 0x2007c000, Load base: 0x00007890, Size: 0x000002f0, Max: 0x00008000, ABSOLUTE)

    Exec Addr    Load Addr    Size         Type   Attr      Idx    E Section Name        Object

    0x2007c000   0x00007890   0x00000005   Data   RW          108    .data               system_lpc17xx.o
    0x2007c005   0x00007895   0x00000001   Data   RW          233    .data               glcd.o
    0x2007c006   0x00007896   0x00000002   PAD
    0x2007c008   0x00007898   0x0000000c   Data   RW          279    .data               irq_rit.o
    0x2007c014   0x000078a4   0x00000004   Data   RW          428    .data               funct_joystick.o
    0x2007c018   0x000078a8   0x0000000c   Data   RW          526    .data               quoridor.o
    0x2007c024   0x000078b4   0x00000008   Data   RW          594    .data               queue.o
    0x2007c02c   0x000078bc   0x00000014   Data   RW          632    .data               irq_can.o
    0x2007c040   0x000078d0   0x00000010   Data   RW          678    .data               lib_can.o
    0x2007c050        -       0x00000028   Zero   RW          426    .bss                funct_joystick.o
    0x2007c078        -       0x0000010f   Zero   RW          524    .bss                quoridor.o
    0x2007c187   0x000078e0   0x00000001   PAD
    0x2007c188        -       0x00000020   Zero   RW          676    .bss                lib_can.o
    0x2007c1a8        -       0x000000e4   Zero   RW          710    .bss                c_w.l(rand.o)
    0x2007c28c        -       0x00000060   Zero   RW          809    .bss                c_w.l(libspace.o)
    0x2007c2ec   0x000078e0   0x00000004   PAD
    0x2007c2f0        -       0x00000000   Zero   RW            2    HEAP                startup_lpc17xx.o


==============================================================================

Image component sizes


      Code (inc. data)   RO Data    RW Data    ZI Data      Debug   Object Name

        32          6       1520          0          0       1199   asciilib.o
       260          0          0          0          0       3760   coordinates.o
       448         28         52          4         40       1498   funct_joystick.o
     16612        104          0          1          0      40263   glcd.o
      1284         24          0          0          0       4392   interface.o
       356        118          0          0          0       1195   irq_button.o
       308         44          0         20          0       1149   irq_can.o
       280         24          0         12          0       1045   irq_rit.o
       232         10          0          0          0      17876   irq_timer.o
       328         26          0          0          0      28030   lib_button.o
      1324         66         68         16         32       4536   lib_can.o
       132         10          0          0          0        532   lib_joystick.o
       148         14          0          0          0      27511   lib_rit.o
       168          4          0          0          0       1452   lib_timer.o
       496          4         64          0          0       2181   npc.o
       200         10          0          8          0       2144   queue.o
      4388        164        343         12        271      13596   quoridor.o
        92         14          0          0          0       5027   sample.o
        56         22        204          0       1024       1120   startup_lpc17xx.o
       588         36          0          5          0       1021   system_lpc17xx.o

    ----------------------------------------------------------------------
     27732        728       2300         80       1368     159527   Object Totals
         0          0         48          0          0          0   (incl. Generated)
         0          0          1          2          1          0   (incl. Padding)

    ----------------------------------------------------------------------

      Code (inc. data)   RO Data    RW Data    ZI Data      Debug   Library Member Name

         8          0          0          0          0         68   __main.o
         0          0          0          0          0          0   __rtentry.o
        12          0          0          0          0          0   __rtentry2.o
         6          0          0          0          0          0   __rtentry4.o
        52          8          0          0          0          0   __scatter.o
        26          0          0          0          0          0   __scatter_copy.o
        28          0          0          0          0          0   __scatter_zi.o
        18          0          0          0          0         80   exit.o
         6          0          0          0          0        152   heapauxi.o
         0          0          0          0          0          0   indicate_semi.o
         2          0          0          0          0          0   libinit.o
         6          0          0          0          0          0   libinit2.o
         2          0          0          0          0          0   libshutdown.o
         2          0          0          0          0          0   libshutdown2.o
         8          4          0          0         96         68   libspace.o
        38          0          0          0          0         68   llshl.o
       112         18          0          0        228        160   rand.o
       138          0          0          0          0         68   rt_memcpy_v6.o
       100          0          0          0          0         80   rt_memcpy_w.o
         2          0          0          0          0          0   rtexit.o
        10          0          0          0          0          0   rtexit2.o
        24          0          0          0          0         68   strcat.o
        72          0          0          0          0         80   strcpy.o
        62          0          0          0          0         76   strlen.o
        12          4          0          0          0         68   sys_exit.o
        74          0          0          0          0         80   sys_stackheap_outer.o
         2          0          0          0          0         68   use_no_semi.o

    ----------------------------------------------------------------------
       832         34          0          0        328       1184   Library Totals
        10          0          0          0          4          0   (incl. Padding)

    ----------------------------------------------------------------------

      Code (inc. data)   RO Data    RW Data    ZI Data      Debug   Library Name

       822         34          0          0        324       1184   c_w.l

    ----------------------------------------------------------------------
       832         34          0          0        328       1184   Library Totals

    ----------------------------------------------------------------------

==============================================================================


      Code (inc. data)   RO Data    RW Data    ZI Data      Debug   

     28564        762       2300         80       1696     159043   Grand Totals
     28564        762       2300         80       1696     159043   ELF Image Totals
     28564        762       2300         80          0          0   ROM Totals

==============================================================================

    Total RO  Size (Code + RO Data)                30864 (  30.14kB)
    Total RW  Size (RW Data + ZI Data)              1776 (   1.73kB)
    Total ROM Size (Code + RO Data + RW Data)      30944 (  30.22kB)

==============================================================================

