<html>
<body>
<pre>
<h1>µVision Build Log</h1>
<h2>Tool Versions:</h2>
IDE-Version: µVision V5.38.0.0
Copyright (C) 2022 ARM Ltd and ARM Germany GmbH. All rights reserved.
License Information: Michele Cazzola, Politecnico di Torino, LIC=----
 
Tool Versions:
Toolchain:       MDK-Lite  Version: 5.38.0.0
Toolchain Path:  C:\Keil_v5\ARM\ARMCLANG5\Bin
C Compiler:      Armcc.exe V5.06 update 7 (build 960)
Assembler:       Armasm.exe V5.06 update 7 (build 960)
Linker/Locator:  ArmLink.exe V5.06 update 7 (build 960)
Library Manager: ArmAr.exe V5.06 update 7 (build 960)
Hex Converter:   FromElf.exe V5.06 update 7 (build 960)
CPU DLL:         SARMCM3.DLL V5.38.0.0
Dialog DLL:      DARMP1.DLL V1.28.1.0
Target DLL:      UL2CM3.DLL V1.164.8.0
Dialog DLL:      TARMP1.DLL V1.27.1.0
 
<h2>Project:</h2>
C:\michele\uni\polito\quarto_anno\primo_semestre\architetture_sistemi_elaborazione\laboratori\Extra_point\progetto\sample.uvprojx
Project File Date:  01/07/2024

<h2>Output:</h2>
*** Using Compiler 'V5.06 update 7 (build 960)', folder: 'C:\Keil_v5\ARM\ARMCLANG5\Bin'
Rebuild target 'Target 1'
assembling startup_LPC17xx.s...
compiling AsciiLib.c...
compiling core_cm3.c...
compiling IRQ_timer.c...
compiling system_LPC17xx.c...
compiling sample.c...
compiling lib_timer.c...
compiling IRQ_RIT.c...
compiling lib_RIT.c...
compiling IRQ_button.c...
compiling lib_button.c...
compiling funct_joystick.c...
joystick\funct_joystick.c(34): warning:  #177-D: function "joystickUsed"  was declared but never referenced
  static int joystickUsed(int *cmd, int n){
joystick\funct_joystick.c: 1 warning, 0 errors
compiling HzLib.c...
compiling queue.c...
compiling coordinates.c...
compiling lib_joystick.c...
compiling interface.c...
compiling quoridor.c...
quoridor\quoridor.c(47): warning:  #177-D: function "abs"  was declared but never referenced
  static int abs(int x){
quoridor\quoridor.c(51): warning:  #177-D: function "sign"  was declared but never referenced
  static int sign(int x){
quoridor\quoridor.c(207): warning:  #177-D: function "isHighlitedAdj"  was declared but never referenced
  static int isHighlitedAdj(Coordinates pos){
quoridor\quoridor.c: 3 warnings, 0 errors
compiling GLCD.c...
linking...
Program Size: Code=25148 RO-data=1916 RW-data=40 ZI-data=1456  
".\sample.axf" - 0 Error(s), 4 Warning(s).

<h2>Software Packages used:</h2>

Package Vendor: ARM
                http://www.keil.com/pack/ARM.CMSIS.5.9.0.pack
                ARM.CMSIS.5.9.0
                CMSIS (Common Microcontroller Software Interface Standard)
   * Component: CORE Version: 5.6.0

Package Vendor: Keil
                http://www.keil.com/pack/Keil.LPC1700_DFP.2.7.1.pack
                Keil.LPC1700_DFP.2.7.1
                NXP LPC1700 Series Device Support, Drivers and Examples for MCB1700 and LPC1788-32

<h2>Collection of Component include folders:</h2>
  ./RTE/_Target_1
  C:/Users/HP/AppData/Local/Arm/Packs/ARM/CMSIS/5.9.0/CMSIS/Core/Include
  C:/Users/HP/AppData/Local/Arm/Packs/Keil/LPC1700_DFP/2.7.1/Device/Include

<h2>Collection of Component Files used:</h2>

   * Component: ARM::CMSIS:CORE:5.6.0
Build Time Elapsed:  00:00:02
</pre>
</body>
</html>
