Component: ARM Compiler 5.06 update 7 (build 960) Tool: armlink [4d3601]

==============================================================================

Section Cross References

    startup_lpc17xx.o(STACK) refers (Special) to heapauxi.o(.text) for __use_two_region_memory
    startup_lpc17xx.o(HEAP) refers (Special) to heapauxi.o(.text) for __use_two_region_memory
    startup_lpc17xx.o(RESET) refers (Special) to heapauxi.o(.text) for __use_two_region_memory
    startup_lpc17xx.o(RESET) refers to startup_lpc17xx.o(STACK) for __initial_sp
    startup_lpc17xx.o(RESET) refers to startup_lpc17xx.o(.text) for Reset_Handler
    startup_lpc17xx.o(RESET) refers to irq_timer.o(.text) for TIMER0_IRQHandler
    startup_lpc17xx.o(RESET) refers to irq_button.o(.text) for EINT0_IRQHandler
    startup_lpc17xx.o(RESET) refers to irq_rit.o(.text) for RIT_IRQHandler
    startup_lpc17xx.o(.ARM.__at_0x02FC) refers (Special) to heapauxi.o(.text) for __use_two_region_memory
    startup_lpc17xx.o(.text) refers (Special) to heapauxi.o(.text) for __use_two_region_memory
    startup_lpc17xx.o(.text) refers to __main.o(!!!main) for __main
    startup_lpc17xx.o(.text) refers to startup_lpc17xx.o(HEAP) for Heap_Mem
    startup_lpc17xx.o(.text) refers to startup_lpc17xx.o(STACK) for Stack_Mem
    sample.o(.text) refers to system_lpc17xx.o(.text) for SystemInit
    sample.o(.text) refers to glcd.o(.text) for LCD_Initialization
    sample.o(.text) refers to lib_timer.o(.text) for init_timer
    sample.o(.text) refers to lib_rit.o(.text) for init_RIT
    sample.o(.text) refers to lib_joystick.o(.text) for joystick_init
    sample.o(.text) refers to lib_button.o(.text) for BUTTON_init
    sample.o(.text) refers to quoridor.o(.text) for initGame
    system_lpc17xx.o(.text) refers to system_lpc17xx.o(.data) for SystemFrequency
    irq_timer.o(.text) refers to interface.o(.text) for writeTimeRemaining
    irq_timer.o(.text) refers to lib_button.o(.text) for disable_button
    irq_timer.o(.text) refers to quoridor.o(.text) for saveMove
    irq_timer.o(.text) refers to quoridor.o(.bss) for ms
    irq_timer.o(.text) refers to quoridor.o(.data) for nextPos
    asciilib.o(.text) refers to rt_memcpy_v6.o(.text) for __aeabi_memcpy
    asciilib.o(.text) refers to asciilib.o(.constdata) for AsciiLib
    glcd.o(.text) refers to glcd.o(.data) for LCD_Code
    glcd.o(.text) refers to asciilib.o(.text) for GetASCIICode
    hzlib.o(.text) refers to rt_memcpy_v6.o(.text) for __aeabi_memcpy
    hzlib.o(.text) refers to hzlib.o(.constdata) for HzLib
    irq_rit.o(.text) refers to lib_rit.o(.text) for disable_RIT
    irq_rit.o(.text) refers to irq_button.o(.text) for INT0_function
    irq_rit.o(.text) refers to lib_button.o(.text) for disabled_button
    irq_rit.o(.text) refers to funct_joystick.o(.text) for joystick_controller
    irq_rit.o(.text) refers to irq_rit.o(.data) for down_int0
    irq_button.o(.text) refers to quoridor.o(.text) for setMode
    irq_button.o(.text) refers to lib_button.o(.text) for enable_button
    irq_button.o(.text) refers to interface.o(.text) for clearMessage
    irq_button.o(.text) refers to quoridor.o(.bss) for ms
    irq_button.o(.text) refers to quoridor.o(.constdata) for WALL_DEFAULT_POS
    irq_button.o(.text) refers to irq_rit.o(.data) for down_int0
    funct_joystick.o(.text) refers to rt_memcpy_w.o(.text) for __aeabi_memcpy4
    funct_joystick.o(.text) refers to lib_button.o(.text) for disable_button
    funct_joystick.o(.text) refers to coordinates.o(.text) for equalCoord
    funct_joystick.o(.text) refers to quoridor.o(.text) for move
    funct_joystick.o(.text) refers to funct_joystick.o(.constdata) for .constdata
    funct_joystick.o(.text) refers to quoridor.o(.bss) for ms
    funct_joystick.o(.text) refers to funct_joystick.o(.bss) for pressed
    funct_joystick.o(.text) refers to quoridor.o(.data) for nextPos
    interface.o(.text) refers to glcd.o(.text) for LCD_DrawLine
    interface.o(.text) refers to strcat.o(.text) for strcat
    interface.o(.text) refers to strlen.o(.text) for strlen
    interface.o(.text) refers to strcpy.o(.text) for strcpy
    interface.o(.text) refers to quoridor.o(.bss) for message
    quoridor.o(.text) refers to coordinates.o(.text) for equalCoordX
    quoridor.o(.text) refers to quoridor.o(.bss) for ms
    quoridor.o(.text) refers to quoridor.o(.constdata) for moves
    quoridor.o(.text) refers to queue.o(.text) for initQueue
    quoridor.o(.text) refers to llshl.o(.text) for __aeabi_llsl
    quoridor.o(.text) refers to interface.o(.text) for drawWall
    quoridor.o(.text) refers to rt_memcpy_w.o(.text) for __aeabi_memcpy4
    quoridor.o(.text) refers to strcat.o(.text) for strcat
    quoridor.o(.text) refers to strcpy.o(.text) for strcpy
    quoridor.o(.text) refers to glcd.o(.text) for LCD_Clear
    quoridor.o(.text) refers to strlen.o(.text) for strlen
    quoridor.o(.text) refers to lib_button.o(.text) for enable_button
    quoridor.o(.text) refers to lib_timer.o(.text) for enable_timer
    quoridor.o(.text) refers to quoridor.o(.data) for nextPos
    queue.o(.text) refers to coordinates.o(.text) for newCoord
    queue.o(.text) refers to queue.o(.data) for head
    rt_memcpy_v6.o(.text) refers to rt_memcpy_w.o(.text) for __aeabi_memcpy4
    __main.o(!!!main) refers to __rtentry.o(.ARM.Collect$$rtentry$$00000000) for __rt_entry
    __rtentry.o(.ARM.Collect$$rtentry$$00000000) refers (Special) to __rtentry2.o(.ARM.Collect$$rtentry$$0000000A) for __rt_entry_li
    __rtentry.o(.ARM.Collect$$rtentry$$00000000) refers (Special) to __rtentry2.o(.ARM.Collect$$rtentry$$0000000D) for __rt_entry_main
    __rtentry.o(.ARM.Collect$$rtentry$$00000000) refers (Special) to __rtentry2.o(.ARM.Collect$$rtentry$$0000000C) for __rt_entry_postli_1
    __rtentry.o(.ARM.Collect$$rtentry$$00000000) refers (Special) to __rtentry2.o(.ARM.Collect$$rtentry$$00000009) for __rt_entry_postsh_1
    __rtentry.o(.ARM.Collect$$rtentry$$00000000) refers (Special) to __rtentry2.o(.ARM.Collect$$rtentry$$00000002) for __rt_entry_presh_1
    __rtentry.o(.ARM.Collect$$rtentry$$00000000) refers (Special) to __rtentry4.o(.ARM.Collect$$rtentry$$00000004) for __rt_entry_sh
    __rtentry2.o(.ARM.Collect$$rtentry$$00000008) refers to boardinit2.o(.text) for _platform_post_stackheap_init
    __rtentry2.o(.ARM.Collect$$rtentry$$0000000A) refers to libinit.o(.ARM.Collect$$libinit$$00000000) for __rt_lib_init
    __rtentry2.o(.ARM.Collect$$rtentry$$0000000B) refers to boardinit3.o(.text) for _platform_post_lib_init
    __rtentry2.o(.ARM.Collect$$rtentry$$0000000D) refers to sample.o(.text) for main
    __rtentry2.o(.ARM.Collect$$rtentry$$0000000D) refers to exit.o(.text) for exit
    __rtentry2.o(.ARM.exidx) refers to __rtentry2.o(.ARM.Collect$$rtentry$$00000001) for .ARM.Collect$$rtentry$$00000001
    __rtentry2.o(.ARM.exidx) refers to __rtentry2.o(.ARM.Collect$$rtentry$$00000008) for .ARM.Collect$$rtentry$$00000008
    __rtentry2.o(.ARM.exidx) refers to __rtentry2.o(.ARM.Collect$$rtentry$$0000000A) for .ARM.Collect$$rtentry$$0000000A
    __rtentry2.o(.ARM.exidx) refers to __rtentry2.o(.ARM.Collect$$rtentry$$0000000B) for .ARM.Collect$$rtentry$$0000000B
    __rtentry2.o(.ARM.exidx) refers to __rtentry2.o(.ARM.Collect$$rtentry$$0000000D) for .ARM.Collect$$rtentry$$0000000D
    __rtentry4.o(.ARM.Collect$$rtentry$$00000004) refers to sys_stackheap_outer.o(.text) for __user_setup_stackheap
    __rtentry4.o(.ARM.exidx) refers to __rtentry4.o(.ARM.Collect$$rtentry$$00000004) for .ARM.Collect$$rtentry$$00000004
    sys_stackheap_outer.o(.text) refers to libspace.o(.text) for __user_perproc_libspace
    sys_stackheap_outer.o(.text) refers to startup_lpc17xx.o(.text) for __user_initial_stackheap
    exit.o(.text) refers to rtexit.o(.ARM.Collect$$rtexit$$00000000) for __rt_exit
    libinit.o(.ARM.Collect$$libinit$$00000000) refers (Special) to libinit2.o(.ARM.Collect$$libinit$$0000002E) for __rt_lib_init_alloca_1
    libinit.o(.ARM.Collect$$libinit$$00000000) refers (Special) to libinit2.o(.ARM.Collect$$libinit$$0000002C) for __rt_lib_init_argv_1
    libinit.o(.ARM.Collect$$libinit$$00000000) refers (Special) to libinit2.o(.ARM.Collect$$libinit$$0000001B) for __rt_lib_init_atexit_1
    libinit.o(.ARM.Collect$$libinit$$00000000) refers (Special) to libinit2.o(.ARM.Collect$$libinit$$00000021) for __rt_lib_init_clock_1
    libinit.o(.ARM.Collect$$libinit$$00000000) refers (Special) to libinit2.o(.ARM.Collect$$libinit$$00000032) for __rt_lib_init_cpp_1
    libinit.o(.ARM.Collect$$libinit$$00000000) refers (Special) to libinit2.o(.ARM.Collect$$libinit$$00000030) for __rt_lib_init_exceptions_1
    libinit.o(.ARM.Collect$$libinit$$00000000) refers (Special) to libinit2.o(.ARM.Collect$$libinit$$00000002) for __rt_lib_init_fp_1
    libinit.o(.ARM.Collect$$libinit$$00000000) refers (Special) to libinit2.o(.ARM.Collect$$libinit$$0000001F) for __rt_lib_init_fp_trap_1
    libinit.o(.ARM.Collect$$libinit$$00000000) refers (Special) to libinit2.o(.ARM.Collect$$libinit$$00000023) for __rt_lib_init_getenv_1
    libinit.o(.ARM.Collect$$libinit$$00000000) refers (Special) to libinit2.o(.ARM.Collect$$libinit$$0000000A) for __rt_lib_init_heap_1
    libinit.o(.ARM.Collect$$libinit$$00000000) refers (Special) to libinit2.o(.ARM.Collect$$libinit$$00000011) for __rt_lib_init_lc_collate_1
    libinit.o(.ARM.Collect$$libinit$$00000000) refers (Special) to libinit2.o(.ARM.Collect$$libinit$$00000013) for __rt_lib_init_lc_ctype_1
    libinit.o(.ARM.Collect$$libinit$$00000000) refers (Special) to libinit2.o(.ARM.Collect$$libinit$$00000015) for __rt_lib_init_lc_monetary_1
    libinit.o(.ARM.Collect$$libinit$$00000000) refers (Special) to libinit2.o(.ARM.Collect$$libinit$$00000017) for __rt_lib_init_lc_numeric_1
    libinit.o(.ARM.Collect$$libinit$$00000000) refers (Special) to libinit2.o(.ARM.Collect$$libinit$$00000019) for __rt_lib_init_lc_time_1
    libinit.o(.ARM.Collect$$libinit$$00000000) refers (Special) to libinit2.o(.ARM.Collect$$libinit$$00000004) for __rt_lib_init_preinit_1
    libinit.o(.ARM.Collect$$libinit$$00000000) refers (Special) to libinit2.o(.ARM.Collect$$libinit$$0000000E) for __rt_lib_init_rand_1
    libinit.o(.ARM.Collect$$libinit$$00000000) refers (Special) to libinit2.o(.ARM.Collect$$libinit$$00000033) for __rt_lib_init_return
    libinit.o(.ARM.Collect$$libinit$$00000000) refers (Special) to libinit2.o(.ARM.Collect$$libinit$$0000001D) for __rt_lib_init_signal_1
    libinit.o(.ARM.Collect$$libinit$$00000000) refers (Special) to libinit2.o(.ARM.Collect$$libinit$$00000025) for __rt_lib_init_stdio_1
    libinit.o(.ARM.Collect$$libinit$$00000000) refers (Special) to libinit2.o(.ARM.Collect$$libinit$$0000000C) for __rt_lib_init_user_alloc_1
    libspace.o(.text) refers to libspace.o(.bss) for __libspace_start
    rtexit.o(.ARM.Collect$$rtexit$$00000000) refers (Special) to rtexit2.o(.ARM.Collect$$rtexit$$00000004) for __rt_exit_exit
    rtexit.o(.ARM.Collect$$rtexit$$00000000) refers (Special) to rtexit2.o(.ARM.Collect$$rtexit$$00000003) for __rt_exit_ls
    rtexit.o(.ARM.Collect$$rtexit$$00000000) refers (Special) to rtexit2.o(.ARM.Collect$$rtexit$$00000002) for __rt_exit_prels_1
    rtexit.o(.ARM.exidx) refers (Special) to rtexit2.o(.ARM.Collect$$rtexit$$00000004) for __rt_exit_exit
    rtexit.o(.ARM.exidx) refers (Special) to rtexit2.o(.ARM.Collect$$rtexit$$00000003) for __rt_exit_ls
    rtexit.o(.ARM.exidx) refers (Special) to rtexit2.o(.ARM.Collect$$rtexit$$00000002) for __rt_exit_prels_1
    rtexit.o(.ARM.exidx) refers to rtexit.o(.ARM.Collect$$rtexit$$00000000) for .ARM.Collect$$rtexit$$00000000
    libinit2.o(.ARM.Collect$$libinit$$00000010) refers to libinit2.o(.ARM.Collect$$libinit$$0000000F) for .ARM.Collect$$libinit$$0000000F
    libinit2.o(.ARM.Collect$$libinit$$00000012) refers to libinit2.o(.ARM.Collect$$libinit$$0000000F) for .ARM.Collect$$libinit$$0000000F
    libinit2.o(.ARM.Collect$$libinit$$00000014) refers to libinit2.o(.ARM.Collect$$libinit$$0000000F) for .ARM.Collect$$libinit$$0000000F
    libinit2.o(.ARM.Collect$$libinit$$00000016) refers to libinit2.o(.ARM.Collect$$libinit$$0000000F) for .ARM.Collect$$libinit$$0000000F
    libinit2.o(.ARM.Collect$$libinit$$00000018) refers to libinit2.o(.ARM.Collect$$libinit$$0000000F) for .ARM.Collect$$libinit$$0000000F
    libinit2.o(.ARM.Collect$$libinit$$00000026) refers to argv_veneer.o(.emb_text) for __ARM_argv_veneer
    libinit2.o(.ARM.Collect$$libinit$$00000027) refers to argv_veneer.o(.emb_text) for __ARM_argv_veneer
    rtexit2.o(.ARM.Collect$$rtexit$$00000003) refers to libshutdown.o(.ARM.Collect$$libshutdown$$00000000) for __rt_lib_shutdown
    rtexit2.o(.ARM.Collect$$rtexit$$00000004) refers to sys_exit.o(.text) for _sys_exit
    rtexit2.o(.ARM.exidx) refers to rtexit2.o(.ARM.Collect$$rtexit$$00000001) for .ARM.Collect$$rtexit$$00000001
    rtexit2.o(.ARM.exidx) refers to rtexit2.o(.ARM.Collect$$rtexit$$00000003) for .ARM.Collect$$rtexit$$00000003
    rtexit2.o(.ARM.exidx) refers to rtexit2.o(.ARM.Collect$$rtexit$$00000004) for .ARM.Collect$$rtexit$$00000004
    argv_veneer.o(.emb_text) refers to no_argv.o(.text) for __ARM_get_argv
    sys_exit.o(.text) refers (Special) to use_no_semi.o(.text) for __I$use$semihosting
    sys_exit.o(.text) refers (Special) to indicate_semi.o(.text) for __semihosting_library_function
    _get_argv_nomalloc.o(.text) refers (Special) to hrguard.o(.text) for __heap_region$guard
    _get_argv_nomalloc.o(.text) refers to defsig_rtmem_outer.o(.text) for __rt_SIGRTMEM
    _get_argv_nomalloc.o(.text) refers to sys_command.o(.text) for _sys_command_string
    libshutdown.o(.ARM.Collect$$libshutdown$$00000000) refers (Special) to libshutdown2.o(.ARM.Collect$$libshutdown$$00000004) for __rt_lib_shutdown_cpp_1
    libshutdown.o(.ARM.Collect$$libshutdown$$00000000) refers (Special) to libshutdown2.o(.ARM.Collect$$libshutdown$$00000002) for __rt_lib_shutdown_fini_1
    libshutdown.o(.ARM.Collect$$libshutdown$$00000000) refers (Special) to libshutdown2.o(.ARM.Collect$$libshutdown$$00000009) for __rt_lib_shutdown_fp_trap_1
    libshutdown.o(.ARM.Collect$$libshutdown$$00000000) refers (Special) to libshutdown2.o(.ARM.Collect$$libshutdown$$00000011) for __rt_lib_shutdown_heap_1
    libshutdown.o(.ARM.Collect$$libshutdown$$00000000) refers (Special) to libshutdown2.o(.ARM.Collect$$libshutdown$$00000012) for __rt_lib_shutdown_return
    libshutdown.o(.ARM.Collect$$libshutdown$$00000000) refers (Special) to libshutdown2.o(.ARM.Collect$$libshutdown$$0000000C) for __rt_lib_shutdown_signal_1
    libshutdown.o(.ARM.Collect$$libshutdown$$00000000) refers (Special) to libshutdown2.o(.ARM.Collect$$libshutdown$$00000006) for __rt_lib_shutdown_stdio_1
    libshutdown.o(.ARM.Collect$$libshutdown$$00000000) refers (Special) to libshutdown2.o(.ARM.Collect$$libshutdown$$0000000E) for __rt_lib_shutdown_user_alloc_1
    sys_command.o(.text) refers (Special) to use_no_semi.o(.text) for __I$use$semihosting
    sys_command.o(.text) refers (Special) to indicate_semi.o(.text) for __semihosting_library_function
    defsig_rtmem_outer.o(.text) refers to defsig_rtmem_inner.o(.text) for __rt_SIGRTMEM_inner
    defsig_rtmem_outer.o(.text) refers to defsig_exit.o(.text) for __sig_exit
    defsig_rtmem_formal.o(.text) refers to rt_raise.o(.text) for __rt_raise
    rt_raise.o(.text) refers to __raise.o(.text) for __raise
    rt_raise.o(.text) refers to sys_exit.o(.text) for _sys_exit
    defsig_exit.o(.text) refers to sys_exit.o(.text) for _sys_exit
    defsig_rtmem_inner.o(.text) refers to defsig_general.o(.text) for __default_signal_display
    __raise.o(.text) refers to defsig.o(CL$$defsig) for __default_signal_handler
    defsig_general.o(.text) refers to sys_wrch.o(.text) for _ttywrch
    sys_wrch.o(.text) refers (Special) to use_no_semi.o(.text) for __I$use$semihosting
    sys_wrch.o(.text) refers (Special) to indicate_semi.o(.text) for __semihosting_library_function
    defsig.o(CL$$defsig) refers to defsig_rtmem_inner.o(.text) for __rt_SIGRTMEM_inner
    defsig_abrt_inner.o(.text) refers to defsig_general.o(.text) for __default_signal_display
    defsig_fpe_inner.o(.text) refers to defsig_general.o(.text) for __default_signal_display
    defsig_rtred_inner.o(.text) refers to defsig_general.o(.text) for __default_signal_display
    defsig_stak_inner.o(.text) refers to defsig_general.o(.text) for __default_signal_display
    defsig_pvfn_inner.o(.text) refers to defsig_general.o(.text) for __default_signal_display
    defsig_cppl_inner.o(.text) refers to defsig_general.o(.text) for __default_signal_display
    defsig_segv_inner.o(.text) refers to defsig_general.o(.text) for __default_signal_display
    defsig_other.o(.text) refers to defsig_general.o(.text) for __default_signal_display


==============================================================================

Removing Unused input sections from the image.

    Removing sample.o(.rev16_text), (4 bytes).
    Removing sample.o(.revsh_text), (4 bytes).
    Removing sample.o(.rrx_text), (6 bytes).
    Removing core_cm3.o(.emb_text), (32 bytes).
    Removing system_lpc17xx.o(.rev16_text), (4 bytes).
    Removing system_lpc17xx.o(.revsh_text), (4 bytes).
    Removing system_lpc17xx.o(.rrx_text), (6 bytes).
    Removing irq_timer.o(.rev16_text), (4 bytes).
    Removing irq_timer.o(.revsh_text), (4 bytes).
    Removing irq_timer.o(.rrx_text), (6 bytes).
    Removing lib_timer.o(.rev16_text), (4 bytes).
    Removing lib_timer.o(.revsh_text), (4 bytes).
    Removing lib_timer.o(.rrx_text), (6 bytes).
    Removing glcd.o(.rev16_text), (4 bytes).
    Removing glcd.o(.revsh_text), (4 bytes).
    Removing glcd.o(.rrx_text), (6 bytes).
    Removing hzlib.o(.text), (52 bytes).
    Removing hzlib.o(.constdata), (216576 bytes).
    Removing irq_rit.o(.rev16_text), (4 bytes).
    Removing irq_rit.o(.revsh_text), (4 bytes).
    Removing irq_rit.o(.rrx_text), (6 bytes).
    Removing lib_rit.o(.rev16_text), (4 bytes).
    Removing lib_rit.o(.revsh_text), (4 bytes).
    Removing lib_rit.o(.rrx_text), (6 bytes).
    Removing irq_button.o(.rev16_text), (4 bytes).
    Removing irq_button.o(.revsh_text), (4 bytes).
    Removing irq_button.o(.rrx_text), (6 bytes).
    Removing lib_button.o(.rev16_text), (4 bytes).
    Removing lib_button.o(.revsh_text), (4 bytes).
    Removing lib_button.o(.rrx_text), (6 bytes).
    Removing funct_joystick.o(.rev16_text), (4 bytes).
    Removing funct_joystick.o(.revsh_text), (4 bytes).
    Removing funct_joystick.o(.rrx_text), (6 bytes).
    Removing lib_joystick.o(.rev16_text), (4 bytes).
    Removing lib_joystick.o(.revsh_text), (4 bytes).
    Removing lib_joystick.o(.rrx_text), (6 bytes).
    Removing interface.o(.rev16_text), (4 bytes).
    Removing interface.o(.revsh_text), (4 bytes).
    Removing interface.o(.rrx_text), (6 bytes).
    Removing quoridor.o(.rev16_text), (4 bytes).
    Removing quoridor.o(.revsh_text), (4 bytes).
    Removing quoridor.o(.rrx_text), (6 bytes).

42 unused section(s) (total 216842 bytes) removed from the image.

==============================================================================

Image Symbol Table

    Local Symbols

    Symbol Name                              Value     Ov Type        Size  Object(Section)

    RESET                                    0x00000000   Section      204  startup_lpc17xx.o(RESET)
    ../clib/angel/boardlib.s                 0x00000000   Number         0  boardshut.o ABSOLUTE
    ../clib/angel/boardlib.s                 0x00000000   Number         0  boardinit3.o ABSOLUTE
    ../clib/angel/boardlib.s                 0x00000000   Number         0  boardinit1.o ABSOLUTE
    ../clib/angel/boardlib.s                 0x00000000   Number         0  boardinit2.o ABSOLUTE
    ../clib/angel/handlers.s                 0x00000000   Number         0  __scatter_copy.o ABSOLUTE
    ../clib/angel/handlers.s                 0x00000000   Number         0  __scatter_zi.o ABSOLUTE
    ../clib/angel/kernel.s                   0x00000000   Number         0  __rtentry2.o ABSOLUTE
    ../clib/angel/kernel.s                   0x00000000   Number         0  rtexit2.o ABSOLUTE
    ../clib/angel/kernel.s                   0x00000000   Number         0  __rtentry.o ABSOLUTE
    ../clib/angel/kernel.s                   0x00000000   Number         0  __rtentry4.o ABSOLUTE
    ../clib/angel/kernel.s                   0x00000000   Number         0  rtexit.o ABSOLUTE
    ../clib/angel/rt.s                       0x00000000   Number         0  rt_raise.o ABSOLUTE
    ../clib/angel/scatter.s                  0x00000000   Number         0  __scatter.o ABSOLUTE
    ../clib/angel/startup.s                  0x00000000   Number         0  __main.o ABSOLUTE
    ../clib/angel/sys.s                      0x00000000   Number         0  libspace.o ABSOLUTE
    ../clib/angel/sys.s                      0x00000000   Number         0  indicate_semi.o ABSOLUTE
    ../clib/angel/sys.s                      0x00000000   Number         0  use_no_semi.o ABSOLUTE
    ../clib/angel/sys.s                      0x00000000   Number         0  sys_stackheap_outer.o ABSOLUTE
    ../clib/angel/sysapp.c                   0x00000000   Number         0  sys_exit.o ABSOLUTE
    ../clib/angel/sysapp.c                   0x00000000   Number         0  sys_wrch.o ABSOLUTE
    ../clib/angel/sysapp.c                   0x00000000   Number         0  sys_command.o ABSOLUTE
    ../clib/armsys.c                         0x00000000   Number         0  _get_argv_nomalloc.o ABSOLUTE
    ../clib/armsys.c                         0x00000000   Number         0  argv_veneer.o ABSOLUTE
    ../clib/armsys.c                         0x00000000   Number         0  argv_veneer.o ABSOLUTE
    ../clib/armsys.c                         0x00000000   Number         0  no_argv.o ABSOLUTE
    ../clib/heapalloc.c                      0x00000000   Number         0  hrguard.o ABSOLUTE
    ../clib/heapaux.c                        0x00000000   Number         0  heapauxi.o ABSOLUTE
    ../clib/libinit.s                        0x00000000   Number         0  libinit2.o ABSOLUTE
    ../clib/libinit.s                        0x00000000   Number         0  libinit.o ABSOLUTE
    ../clib/libinit.s                        0x00000000   Number         0  libshutdown.o ABSOLUTE
    ../clib/libinit.s                        0x00000000   Number         0  libshutdown2.o ABSOLUTE
    ../clib/longlong.s                       0x00000000   Number         0  llshl.o ABSOLUTE
    ../clib/memcpset.s                       0x00000000   Number         0  rt_memcpy_w.o ABSOLUTE
    ../clib/memcpset.s                       0x00000000   Number         0  rt_memcpy_v6.o ABSOLUTE
    ../clib/signal.c                         0x00000000   Number         0  defsig_stak_inner.o ABSOLUTE
    ../clib/signal.c                         0x00000000   Number         0  defsig_rtred_inner.o ABSOLUTE
    ../clib/signal.c                         0x00000000   Number         0  defsig_fpe_inner.o ABSOLUTE
    ../clib/signal.c                         0x00000000   Number         0  defsig_abrt_inner.o ABSOLUTE
    ../clib/signal.c                         0x00000000   Number         0  defsig_other.o ABSOLUTE
    ../clib/signal.c                         0x00000000   Number         0  __raise.o ABSOLUTE
    ../clib/signal.c                         0x00000000   Number         0  defsig_general.o ABSOLUTE
    ../clib/signal.c                         0x00000000   Number         0  defsig_pvfn_inner.o ABSOLUTE
    ../clib/signal.c                         0x00000000   Number         0  defsig_rtmem_outer.o ABSOLUTE
    ../clib/signal.c                         0x00000000   Number         0  defsig_rtmem_formal.o ABSOLUTE
    ../clib/signal.c                         0x00000000   Number         0  defsig_exit.o ABSOLUTE
    ../clib/signal.c                         0x00000000   Number         0  defsig_rtmem_inner.o ABSOLUTE
    ../clib/signal.c                         0x00000000   Number         0  defsig_cppl_inner.o ABSOLUTE
    ../clib/signal.c                         0x00000000   Number         0  defsig_segv_inner.o ABSOLUTE
    ../clib/signal.s                         0x00000000   Number         0  defsig.o ABSOLUTE
    ../clib/stdlib.c                         0x00000000   Number         0  exit.o ABSOLUTE
    ../clib/string.c                         0x00000000   Number         0  strcat.o ABSOLUTE
    ../clib/string.c                         0x00000000   Number         0  strcpy.o ABSOLUTE
    ../clib/string.c                         0x00000000   Number         0  strlen.o ABSOLUTE
    ../fplib/fpinit.s                        0x00000000   Number         0  fpinit.o ABSOLUTE
    GLCD\AsciiLib.c                          0x00000000   Number         0  asciilib.o ABSOLUTE
    GLCD\GLCD.c                              0x00000000   Number         0  glcd.o ABSOLUTE
    GLCD\HzLib.c                             0x00000000   Number         0  hzlib.o ABSOLUTE
    GLCD\\GLCD.c                             0x00000000   Number         0  glcd.o ABSOLUTE
    RIT\IRQ_RIT.c                            0x00000000   Number         0  irq_rit.o ABSOLUTE
    RIT\\IRQ_RIT.c                           0x00000000   Number         0  irq_rit.o ABSOLUTE
    RIT\\lib_RIT.c                           0x00000000   Number         0  lib_rit.o ABSOLUTE
    RIT\lib_RIT.c                            0x00000000   Number         0  lib_rit.o ABSOLUTE
    button\IRQ_button.c                      0x00000000   Number         0  irq_button.o ABSOLUTE
    button\\IRQ_button.c                     0x00000000   Number         0  irq_button.o ABSOLUTE
    button\\lib_button.c                     0x00000000   Number         0  lib_button.o ABSOLUTE
    button\lib_button.c                      0x00000000   Number         0  lib_button.o ABSOLUTE
    coordinates\coordinates.c                0x00000000   Number         0  coordinates.o ABSOLUTE
    core_cm3.c                               0x00000000   Number         0  core_cm3.o ABSOLUTE
    core_cm3.c                               0x00000000   Number         0  core_cm3.o ABSOLUTE
    dc.s                                     0x00000000   Number         0  dc.o ABSOLUTE
    graphics\\interface.c                    0x00000000   Number         0  interface.o ABSOLUTE
    graphics\interface.c                     0x00000000   Number         0  interface.o ABSOLUTE
    joystick\\funct_joystick.c               0x00000000   Number         0  funct_joystick.o ABSOLUTE
    joystick\\lib_joystick.c                 0x00000000   Number         0  lib_joystick.o ABSOLUTE
    joystick\funct_joystick.c                0x00000000   Number         0  funct_joystick.o ABSOLUTE
    joystick\lib_joystick.c                  0x00000000   Number         0  lib_joystick.o ABSOLUTE
    queue\queue.c                            0x00000000   Number         0  queue.o ABSOLUTE
    quoridor\\quoridor.c                     0x00000000   Number         0  quoridor.o ABSOLUTE
    quoridor\quoridor.c                      0x00000000   Number         0  quoridor.o ABSOLUTE
    sample.c                                 0x00000000   Number         0  sample.o ABSOLUTE
    sample.c                                 0x00000000   Number         0  sample.o ABSOLUTE
    startup_LPC17xx.s                        0x00000000   Number         0  startup_lpc17xx.o ABSOLUTE
    system_LPC17xx.c                         0x00000000   Number         0  system_lpc17xx.o ABSOLUTE
    system_LPC17xx.c                         0x00000000   Number         0  system_lpc17xx.o ABSOLUTE
    timer\IRQ_timer.c                        0x00000000   Number         0  irq_timer.o ABSOLUTE
    timer\\IRQ_timer.c                       0x00000000   Number         0  irq_timer.o ABSOLUTE
    timer\\lib_timer.c                       0x00000000   Number         0  lib_timer.o ABSOLUTE
    timer\lib_timer.c                        0x00000000   Number         0  lib_timer.o ABSOLUTE
    !!!main                                  0x000000cc   Section        8  __main.o(!!!main)
    !!!scatter                               0x000000d4   Section       52  __scatter.o(!!!scatter)
    !!handler_copy                           0x00000108   Section       26  __scatter_copy.o(!!handler_copy)
    !!handler_zi                             0x00000124   Section       28  __scatter_zi.o(!!handler_zi)
    .ARM.Collect$$libinit$$00000000          0x00000140   Section        2  libinit.o(.ARM.Collect$$libinit$$00000000)
    .ARM.Collect$$libinit$$00000002          0x00000142   Section        0  libinit2.o(.ARM.Collect$$libinit$$00000002)
    .ARM.Collect$$libinit$$00000004          0x00000142   Section        0  libinit2.o(.ARM.Collect$$libinit$$00000004)
    .ARM.Collect$$libinit$$0000000A          0x00000142   Section        0  libinit2.o(.ARM.Collect$$libinit$$0000000A)
    .ARM.Collect$$libinit$$0000000C          0x00000142   Section        0  libinit2.o(.ARM.Collect$$libinit$$0000000C)
    .ARM.Collect$$libinit$$0000000E          0x00000142   Section        0  libinit2.o(.ARM.Collect$$libinit$$0000000E)
    .ARM.Collect$$libinit$$00000011          0x00000142   Section        0  libinit2.o(.ARM.Collect$$libinit$$00000011)
    .ARM.Collect$$libinit$$00000013          0x00000142   Section        0  libinit2.o(.ARM.Collect$$libinit$$00000013)
    .ARM.Collect$$libinit$$00000015          0x00000142   Section        0  libinit2.o(.ARM.Collect$$libinit$$00000015)
    .ARM.Collect$$libinit$$00000017          0x00000142   Section        0  libinit2.o(.ARM.Collect$$libinit$$00000017)
    .ARM.Collect$$libinit$$00000019          0x00000142   Section        0  libinit2.o(.ARM.Collect$$libinit$$00000019)
    .ARM.Collect$$libinit$$0000001B          0x00000142   Section        0  libinit2.o(.ARM.Collect$$libinit$$0000001B)
    .ARM.Collect$$libinit$$0000001D          0x00000142   Section        0  libinit2.o(.ARM.Collect$$libinit$$0000001D)
    .ARM.Collect$$libinit$$0000001F          0x00000142   Section        0  libinit2.o(.ARM.Collect$$libinit$$0000001F)
    .ARM.Collect$$libinit$$00000021          0x00000142   Section        0  libinit2.o(.ARM.Collect$$libinit$$00000021)
    .ARM.Collect$$libinit$$00000023          0x00000142   Section        0  libinit2.o(.ARM.Collect$$libinit$$00000023)
    .ARM.Collect$$libinit$$00000025          0x00000142   Section        0  libinit2.o(.ARM.Collect$$libinit$$00000025)
    .ARM.Collect$$libinit$$0000002C          0x00000142   Section        0  libinit2.o(.ARM.Collect$$libinit$$0000002C)
    .ARM.Collect$$libinit$$0000002E          0x00000142   Section        0  libinit2.o(.ARM.Collect$$libinit$$0000002E)
    .ARM.Collect$$libinit$$00000030          0x00000142   Section        0  libinit2.o(.ARM.Collect$$libinit$$00000030)
    .ARM.Collect$$libinit$$00000032          0x00000142   Section        0  libinit2.o(.ARM.Collect$$libinit$$00000032)
    .ARM.Collect$$libinit$$00000033          0x00000142   Section        2  libinit2.o(.ARM.Collect$$libinit$$00000033)
    .ARM.Collect$$libshutdown$$00000000      0x00000144   Section        2  libshutdown.o(.ARM.Collect$$libshutdown$$00000000)
    .ARM.Collect$$libshutdown$$00000002      0x00000146   Section        0  libshutdown2.o(.ARM.Collect$$libshutdown$$00000002)
    .ARM.Collect$$libshutdown$$00000004      0x00000146   Section        0  libshutdown2.o(.ARM.Collect$$libshutdown$$00000004)
    .ARM.Collect$$libshutdown$$00000006      0x00000146   Section        0  libshutdown2.o(.ARM.Collect$$libshutdown$$00000006)
    .ARM.Collect$$libshutdown$$00000009      0x00000146   Section        0  libshutdown2.o(.ARM.Collect$$libshutdown$$00000009)
    .ARM.Collect$$libshutdown$$0000000C      0x00000146   Section        0  libshutdown2.o(.ARM.Collect$$libshutdown$$0000000C)
    .ARM.Collect$$libshutdown$$0000000E      0x00000146   Section        0  libshutdown2.o(.ARM.Collect$$libshutdown$$0000000E)
    .ARM.Collect$$libshutdown$$00000011      0x00000146   Section        0  libshutdown2.o(.ARM.Collect$$libshutdown$$00000011)
    .ARM.Collect$$libshutdown$$00000012      0x00000146   Section        2  libshutdown2.o(.ARM.Collect$$libshutdown$$00000012)
    .ARM.Collect$$rtentry$$00000000          0x00000148   Section        0  __rtentry.o(.ARM.Collect$$rtentry$$00000000)
    .ARM.Collect$$rtentry$$00000002          0x00000148   Section        0  __rtentry2.o(.ARM.Collect$$rtentry$$00000002)
    .ARM.Collect$$rtentry$$00000004          0x00000148   Section        6  __rtentry4.o(.ARM.Collect$$rtentry$$00000004)
    .ARM.Collect$$rtentry$$00000009          0x0000014e   Section        0  __rtentry2.o(.ARM.Collect$$rtentry$$00000009)
    .ARM.Collect$$rtentry$$0000000A          0x0000014e   Section        4  __rtentry2.o(.ARM.Collect$$rtentry$$0000000A)
    .ARM.Collect$$rtentry$$0000000C          0x00000152   Section        0  __rtentry2.o(.ARM.Collect$$rtentry$$0000000C)
    .ARM.Collect$$rtentry$$0000000D          0x00000152   Section        8  __rtentry2.o(.ARM.Collect$$rtentry$$0000000D)
    .ARM.Collect$$rtexit$$00000000           0x0000015a   Section        2  rtexit.o(.ARM.Collect$$rtexit$$00000000)
    .ARM.Collect$$rtexit$$00000002           0x0000015c   Section        0  rtexit2.o(.ARM.Collect$$rtexit$$00000002)
    .ARM.Collect$$rtexit$$00000003           0x0000015c   Section        4  rtexit2.o(.ARM.Collect$$rtexit$$00000003)
    .ARM.Collect$$rtexit$$00000004           0x00000160   Section        6  rtexit2.o(.ARM.Collect$$rtexit$$00000004)
    .text                                    0x00000168   Section       52  startup_lpc17xx.o(.text)
    .text                                    0x0000019c   Section        0  sample.o(.text)
    .text                                    0x000001f4   Section        0  irq_timer.o(.text)
    .text                                    0x000002d4   Section        0  asciilib.o(.text)
    .text                                    0x000002f4   Section        0  heapauxi.o(.text)
    .text                                    0x000002fa   Section        2  use_no_semi.o(.text)
    .ARM.__at_0x02FC                         0x000002fc   Section        4  startup_lpc17xx.o(.ARM.__at_0x02FC)
    .text                                    0x00000300   Section        0  system_lpc17xx.o(.text)
    .text                                    0x0000054c   Section        0  lib_timer.o(.text)
    __NVIC_EnableIRQ                         0x0000054d   Thumb Code    34  lib_timer.o(.text)
    .text                                    0x000005f4   Section        0  glcd.o(.text)
    LCD_Configuration                        0x000005f5   Thumb Code    20  glcd.o(.text)
    wait_delay                               0x00000609   Thumb Code    12  glcd.o(.text)
    LCD_SetCursor                            0x00000615   Thumb Code  1356  glcd.o(.text)
    delay_ms                                 0x00000b61   Thumb Code    30  glcd.o(.text)
    LCD_BGR2RGB                              0x0000405d   Thumb Code    26  glcd.o(.text)
    .text                                    0x000046d8   Section        0  irq_rit.o(.text)
    .text                                    0x000047d4   Section        0  lib_rit.o(.text)
    .text                                    0x00004868   Section        0  irq_button.o(.text)
    .text                                    0x00004984   Section        0  lib_button.o(.text)
    __NVIC_EnableIRQ                         0x00004985   Thumb Code    34  lib_button.o(.text)
    __NVIC_SetPriority                       0x000049a7   Thumb Code    32  lib_button.o(.text)
    .text                                    0x00004acc   Section        0  funct_joystick.o(.text)
    countPressed                             0x00004acd   Thumb Code    42  funct_joystick.o(.text)
    .text                                    0x00004c0c   Section        0  lib_joystick.o(.text)
    .text                                    0x00004c90   Section        0  interface.o(.text)
    .text                                    0x00005048   Section        0  quoridor.o(.text)
    abs                                      0x00005049   Thumb Code    14  quoridor.o(.text)
    sign                                     0x00005057   Thumb Code    22  quoridor.o(.text)
    victory                                  0x0000506d   Thumb Code    22  quoridor.o(.text)
    getAvailableWalls                        0x00005083   Thumb Code    24  quoridor.o(.text)
    posInPlatform                            0x0000509b   Thumb Code    34  quoridor.o(.text)
    centerWallInPlatform                     0x000050bd   Thumb Code    34  quoridor.o(.text)
    wallBetweenCells                         0x000050df   Thumb Code   402  quoridor.o(.text)
    noWallBetween                            0x00005271   Thumb Code   124  quoridor.o(.text)
    validPos                                 0x000052ed   Thumb Code    34  quoridor.o(.text)
    jumpOverOpponent                         0x0000530f   Thumb Code    46  quoridor.o(.text)
    selectAdj                                0x00005345   Thumb Code   324  quoridor.o(.text)
    isHighlitedAdj                           0x00005489   Thumb Code    46  quoridor.o(.text)
    checkReachability                        0x000054b7   Thumb Code   256  quoridor.o(.text)
    exists_overlapping_wall                  0x000055b7   Thumb Code   278  quoridor.o(.text)
    checkNotOverlapping                      0x000056cd   Thumb Code    44  quoridor.o(.text)
    validWallPos                             0x000056f9   Thumb Code    66  quoridor.o(.text)
    setWall                                  0x0000573b   Thumb Code    88  quoridor.o(.text)
    redrawWalls                              0x00005793   Thumb Code   120  quoridor.o(.text)
    moveWall                                 0x0000580b   Thumb Code   202  quoridor.o(.text)
    setVictoryMessage                        0x000058d5   Thumb Code    52  quoridor.o(.text)
    initPlayers                              0x00005909   Thumb Code    58  quoridor.o(.text)
    clearWalls                               0x00005943   Thumb Code    14  quoridor.o(.text)
    initInterface                            0x00005951   Thumb Code    20  quoridor.o(.text)
    initPlayersData                          0x00005977   Thumb Code    36  quoridor.o(.text)
    initControls                             0x0000599b   Thumb Code    28  quoridor.o(.text)
    .text                                    0x00005f10   Section        0  queue.o(.text)
    .text                                    0x00005fd8   Section        0  coordinates.o(.text)
    abs                                      0x00005fd9   Thumb Code    14  coordinates.o(.text)
    .text                                    0x000060b4   Section       38  llshl.o(.text)
    .text                                    0x000060da   Section        0  strcpy.o(.text)
    .text                                    0x00006122   Section        0  strlen.o(.text)
    .text                                    0x00006160   Section        0  strcat.o(.text)
    .text                                    0x00006178   Section      138  rt_memcpy_v6.o(.text)
    .text                                    0x00006202   Section      100  rt_memcpy_w.o(.text)
    .text                                    0x00006266   Section       74  sys_stackheap_outer.o(.text)
    .text                                    0x000062b0   Section        0  exit.o(.text)
    .text                                    0x000062c4   Section        8  libspace.o(.text)
    .text                                    0x000062cc   Section        0  sys_exit.o(.text)
    .constdata                               0x000062d8   Section     1520  asciilib.o(.constdata)
    .text                                    0x000062d8   Section        0  indicate_semi.o(.text)
    AsciiLib                                 0x000062d8   Data        1520  asciilib.o(.constdata)
    .constdata                               0x000068c8   Section       40  funct_joystick.o(.constdata)
    .constdata                               0x000068f0   Section      103  quoridor.o(.constdata)
    STACK                                    0x10000000   Section     1024  startup_lpc17xx.o(STACK)
    Stack_Mem                                0x10000000   Data        1024  startup_lpc17xx.o(STACK)
    __initial_sp                             0x10000400   Data           0  startup_lpc17xx.o(STACK)
    .data                                    0x2007c000   Section        5  system_lpc17xx.o(.data)
    .data                                    0x2007c005   Section        1  glcd.o(.data)
    LCD_Code                                 0x2007c005   Data           1  glcd.o(.data)
    .data                                    0x2007c008   Section       12  irq_rit.o(.data)
    .data                                    0x2007c014   Section        8  quoridor.o(.data)
    .data                                    0x2007c01c   Section        8  queue.o(.data)
    head                                     0x2007c01c   Data           4  queue.o(.data)
    tail                                     0x2007c020   Data           4  queue.o(.data)
    .bss                                     0x2007c024   Section       20  funct_joystick.o(.bss)
    pressed                                  0x2007c024   Data          20  funct_joystick.o(.bss)
    .bss                                     0x2007c038   Section      315  quoridor.o(.bss)
    .bss                                     0x2007c174   Section       96  libspace.o(.bss)
    HEAP                                     0x2007c1d8   Section        0  startup_lpc17xx.o(HEAP)
    Heap_Mem                                 0x2007c1d8   Data           0  startup_lpc17xx.o(HEAP)

    Global Symbols

    Symbol Name                              Value     Ov Type        Size  Object(Section)

    BuildAttributes$$THM_ISAv4$P$D$K$B$S$PE$A:L22UL41UL21$X:L11$S22US41US21$IEEE1$IW$USESV6$~STKCKD$USESV7$~SHL$OSPACE$ROPI$EBA8$UX$STANDARDLIB$REQ8$PRES8$EABIv2 0x00000000   Number         0  anon$$obj.o ABSOLUTE
    __ARM_use_no_argv                        0x00000000   Number         0  sample.o ABSOLUTE
    __Vectors                                0x00000000   Data           4  startup_lpc17xx.o(RESET)
    __ARM_exceptions_init                     - Undefined Weak Reference
    __alloca_initialize                       - Undefined Weak Reference
    __arm_fini_                               - Undefined Weak Reference
    __arm_preinit_                            - Undefined Weak Reference
    __cpp_initialize__aeabi_                  - Undefined Weak Reference
    __cxa_finalize                            - Undefined Weak Reference
    __rt_locale                               - Undefined Weak Reference
    __sigvec_lookup                           - Undefined Weak Reference
    _atexit_init                              - Undefined Weak Reference
    _call_atexit_fns                          - Undefined Weak Reference
    _clock_init                               - Undefined Weak Reference
    _fp_trap_init                             - Undefined Weak Reference
    _fp_trap_shutdown                         - Undefined Weak Reference
    _get_lc_collate                           - Undefined Weak Reference
    _get_lc_ctype                             - Undefined Weak Reference
    _get_lc_monetary                          - Undefined Weak Reference
    _get_lc_numeric                           - Undefined Weak Reference
    _get_lc_time                              - Undefined Weak Reference
    _getenv_init                              - Undefined Weak Reference
    _handle_redirection                       - Undefined Weak Reference
    _init_alloc                               - Undefined Weak Reference
    _init_user_alloc                          - Undefined Weak Reference
    _initio                                   - Undefined Weak Reference
    _rand_init                                - Undefined Weak Reference
    _signal_finish                            - Undefined Weak Reference
    _signal_init                              - Undefined Weak Reference
    _terminate_alloc                          - Undefined Weak Reference
    _terminate_user_alloc                     - Undefined Weak Reference
    _terminateio                              - Undefined Weak Reference
    __main                                   0x000000cd   Thumb Code     8  __main.o(!!!main)
    __scatterload                            0x000000d5   Thumb Code     0  __scatter.o(!!!scatter)
    __scatterload_rt2                        0x000000d5   Thumb Code    44  __scatter.o(!!!scatter)
    __scatterload_rt2_thumb_only             0x000000d5   Thumb Code     0  __scatter.o(!!!scatter)
    __scatterload_null                       0x000000e3   Thumb Code     0  __scatter.o(!!!scatter)
    __scatterload_copy                       0x00000109   Thumb Code    26  __scatter_copy.o(!!handler_copy)
    __scatterload_zeroinit                   0x00000125   Thumb Code    28  __scatter_zi.o(!!handler_zi)
    __rt_lib_init                            0x00000141   Thumb Code     0  libinit.o(.ARM.Collect$$libinit$$00000000)
    __rt_lib_init_alloca_1                   0x00000143   Thumb Code     0  libinit2.o(.ARM.Collect$$libinit$$0000002E)
    __rt_lib_init_argv_1                     0x00000143   Thumb Code     0  libinit2.o(.ARM.Collect$$libinit$$0000002C)
    __rt_lib_init_atexit_1                   0x00000143   Thumb Code     0  libinit2.o(.ARM.Collect$$libinit$$0000001B)
    __rt_lib_init_clock_1                    0x00000143   Thumb Code     0  libinit2.o(.ARM.Collect$$libinit$$00000021)
    __rt_lib_init_cpp_1                      0x00000143   Thumb Code     0  libinit2.o(.ARM.Collect$$libinit$$00000032)
    __rt_lib_init_exceptions_1               0x00000143   Thumb Code     0  libinit2.o(.ARM.Collect$$libinit$$00000030)
    __rt_lib_init_fp_1                       0x00000143   Thumb Code     0  libinit2.o(.ARM.Collect$$libinit$$00000002)
    __rt_lib_init_fp_trap_1                  0x00000143   Thumb Code     0  libinit2.o(.ARM.Collect$$libinit$$0000001F)
    __rt_lib_init_getenv_1                   0x00000143   Thumb Code     0  libinit2.o(.ARM.Collect$$libinit$$00000023)
    __rt_lib_init_heap_1                     0x00000143   Thumb Code     0  libinit2.o(.ARM.Collect$$libinit$$0000000A)
    __rt_lib_init_lc_collate_1               0x00000143   Thumb Code     0  libinit2.o(.ARM.Collect$$libinit$$00000011)
    __rt_lib_init_lc_ctype_1                 0x00000143   Thumb Code     0  libinit2.o(.ARM.Collect$$libinit$$00000013)
    __rt_lib_init_lc_monetary_1              0x00000143   Thumb Code     0  libinit2.o(.ARM.Collect$$libinit$$00000015)
    __rt_lib_init_lc_numeric_1               0x00000143   Thumb Code     0  libinit2.o(.ARM.Collect$$libinit$$00000017)
    __rt_lib_init_lc_time_1                  0x00000143   Thumb Code     0  libinit2.o(.ARM.Collect$$libinit$$00000019)
    __rt_lib_init_preinit_1                  0x00000143   Thumb Code     0  libinit2.o(.ARM.Collect$$libinit$$00000004)
    __rt_lib_init_rand_1                     0x00000143   Thumb Code     0  libinit2.o(.ARM.Collect$$libinit$$0000000E)
    __rt_lib_init_return                     0x00000143   Thumb Code     0  libinit2.o(.ARM.Collect$$libinit$$00000033)
    __rt_lib_init_signal_1                   0x00000143   Thumb Code     0  libinit2.o(.ARM.Collect$$libinit$$0000001D)
    __rt_lib_init_stdio_1                    0x00000143   Thumb Code     0  libinit2.o(.ARM.Collect$$libinit$$00000025)
    __rt_lib_init_user_alloc_1               0x00000143   Thumb Code     0  libinit2.o(.ARM.Collect$$libinit$$0000000C)
    __rt_lib_shutdown                        0x00000145   Thumb Code     0  libshutdown.o(.ARM.Collect$$libshutdown$$00000000)
    __rt_lib_shutdown_cpp_1                  0x00000147   Thumb Code     0  libshutdown2.o(.ARM.Collect$$libshutdown$$00000004)
    __rt_lib_shutdown_fini_1                 0x00000147   Thumb Code     0  libshutdown2.o(.ARM.Collect$$libshutdown$$00000002)
    __rt_lib_shutdown_fp_trap_1              0x00000147   Thumb Code     0  libshutdown2.o(.ARM.Collect$$libshutdown$$00000009)
    __rt_lib_shutdown_heap_1                 0x00000147   Thumb Code     0  libshutdown2.o(.ARM.Collect$$libshutdown$$00000011)
    __rt_lib_shutdown_return                 0x00000147   Thumb Code     0  libshutdown2.o(.ARM.Collect$$libshutdown$$00000012)
    __rt_lib_shutdown_signal_1               0x00000147   Thumb Code     0  libshutdown2.o(.ARM.Collect$$libshutdown$$0000000C)
    __rt_lib_shutdown_stdio_1                0x00000147   Thumb Code     0  libshutdown2.o(.ARM.Collect$$libshutdown$$00000006)
    __rt_lib_shutdown_user_alloc_1           0x00000147   Thumb Code     0  libshutdown2.o(.ARM.Collect$$libshutdown$$0000000E)
    __rt_entry                               0x00000149   Thumb Code     0  __rtentry.o(.ARM.Collect$$rtentry$$00000000)
    __rt_entry_presh_1                       0x00000149   Thumb Code     0  __rtentry2.o(.ARM.Collect$$rtentry$$00000002)
    __rt_entry_sh                            0x00000149   Thumb Code     0  __rtentry4.o(.ARM.Collect$$rtentry$$00000004)
    __rt_entry_li                            0x0000014f   Thumb Code     0  __rtentry2.o(.ARM.Collect$$rtentry$$0000000A)
    __rt_entry_postsh_1                      0x0000014f   Thumb Code     0  __rtentry2.o(.ARM.Collect$$rtentry$$00000009)
    __rt_entry_main                          0x00000153   Thumb Code     0  __rtentry2.o(.ARM.Collect$$rtentry$$0000000D)
    __rt_entry_postli_1                      0x00000153   Thumb Code     0  __rtentry2.o(.ARM.Collect$$rtentry$$0000000C)
    __rt_exit                                0x0000015b   Thumb Code     0  rtexit.o(.ARM.Collect$$rtexit$$00000000)
    __rt_exit_ls                             0x0000015d   Thumb Code     0  rtexit2.o(.ARM.Collect$$rtexit$$00000003)
    __rt_exit_prels_1                        0x0000015d   Thumb Code     0  rtexit2.o(.ARM.Collect$$rtexit$$00000002)
    __rt_exit_exit                           0x00000161   Thumb Code     0  rtexit2.o(.ARM.Collect$$rtexit$$00000004)
    Reset_Handler                            0x00000169   Thumb Code     4  startup_lpc17xx.o(.text)
    NMI_Handler                              0x0000016d   Thumb Code     2  startup_lpc17xx.o(.text)
    HardFault_Handler                        0x0000016f   Thumb Code     2  startup_lpc17xx.o(.text)
    MemManage_Handler                        0x00000171   Thumb Code     2  startup_lpc17xx.o(.text)
    BusFault_Handler                         0x00000173   Thumb Code     2  startup_lpc17xx.o(.text)
    UsageFault_Handler                       0x00000175   Thumb Code     2  startup_lpc17xx.o(.text)
    SVC_Handler                              0x00000177   Thumb Code     2  startup_lpc17xx.o(.text)
    DebugMon_Handler                         0x00000179   Thumb Code     2  startup_lpc17xx.o(.text)
    PendSV_Handler                           0x0000017b   Thumb Code     2  startup_lpc17xx.o(.text)
    SysTick_Handler                          0x0000017d   Thumb Code     2  startup_lpc17xx.o(.text)
    ADC_IRQHandler                           0x0000017f   Thumb Code     0  startup_lpc17xx.o(.text)
    BOD_IRQHandler                           0x0000017f   Thumb Code     0  startup_lpc17xx.o(.text)
    CANActivity_IRQHandler                   0x0000017f   Thumb Code     0  startup_lpc17xx.o(.text)
    CAN_IRQHandler                           0x0000017f   Thumb Code     0  startup_lpc17xx.o(.text)
    DMA_IRQHandler                           0x0000017f   Thumb Code     0  startup_lpc17xx.o(.text)
    EINT3_IRQHandler                         0x0000017f   Thumb Code     0  startup_lpc17xx.o(.text)
    ENET_IRQHandler                          0x0000017f   Thumb Code     0  startup_lpc17xx.o(.text)
    I2C0_IRQHandler                          0x0000017f   Thumb Code     0  startup_lpc17xx.o(.text)
    I2C1_IRQHandler                          0x0000017f   Thumb Code     0  startup_lpc17xx.o(.text)
    I2C2_IRQHandler                          0x0000017f   Thumb Code     0  startup_lpc17xx.o(.text)
    I2S_IRQHandler                           0x0000017f   Thumb Code     0  startup_lpc17xx.o(.text)
    MCPWM_IRQHandler                         0x0000017f   Thumb Code     0  startup_lpc17xx.o(.text)
    PLL0_IRQHandler                          0x0000017f   Thumb Code     0  startup_lpc17xx.o(.text)
    PLL1_IRQHandler                          0x0000017f   Thumb Code     0  startup_lpc17xx.o(.text)
    PWM1_IRQHandler                          0x0000017f   Thumb Code     0  startup_lpc17xx.o(.text)
    QEI_IRQHandler                           0x0000017f   Thumb Code     0  startup_lpc17xx.o(.text)
    RTC_IRQHandler                           0x0000017f   Thumb Code     0  startup_lpc17xx.o(.text)
    SPI_IRQHandler                           0x0000017f   Thumb Code     0  startup_lpc17xx.o(.text)
    SSP0_IRQHandler                          0x0000017f   Thumb Code     0  startup_lpc17xx.o(.text)
    SSP1_IRQHandler                          0x0000017f   Thumb Code     0  startup_lpc17xx.o(.text)
    TIMER1_IRQHandler                        0x0000017f   Thumb Code     0  startup_lpc17xx.o(.text)
    TIMER2_IRQHandler                        0x0000017f   Thumb Code     0  startup_lpc17xx.o(.text)
    TIMER3_IRQHandler                        0x0000017f   Thumb Code     0  startup_lpc17xx.o(.text)
    UART0_IRQHandler                         0x0000017f   Thumb Code     0  startup_lpc17xx.o(.text)
    UART1_IRQHandler                         0x0000017f   Thumb Code     0  startup_lpc17xx.o(.text)
    UART2_IRQHandler                         0x0000017f   Thumb Code     0  startup_lpc17xx.o(.text)
    UART3_IRQHandler                         0x0000017f   Thumb Code     0  startup_lpc17xx.o(.text)
    USBActivity_IRQHandler                   0x0000017f   Thumb Code     0  startup_lpc17xx.o(.text)
    USB_IRQHandler                           0x0000017f   Thumb Code     0  startup_lpc17xx.o(.text)
    WDT_IRQHandler                           0x0000017f   Thumb Code     0  startup_lpc17xx.o(.text)
    __user_initial_stackheap                 0x00000181   Thumb Code     0  startup_lpc17xx.o(.text)
    main                                     0x0000019d   Thumb Code    74  sample.o(.text)
    TIMER0_IRQHandler                        0x000001f5   Thumb Code   216  irq_timer.o(.text)
    GetASCIICode                             0x000002d5   Thumb Code    26  asciilib.o(.text)
    __use_two_region_memory                  0x000002f5   Thumb Code     2  heapauxi.o(.text)
    __rt_heap_escrow$2region                 0x000002f7   Thumb Code     2  heapauxi.o(.text)
    __rt_heap_expand$2region                 0x000002f9   Thumb Code     2  heapauxi.o(.text)
    __I$use$semihosting                      0x000002fb   Thumb Code     0  use_no_semi.o(.text)
    __use_no_semihosting_swi                 0x000002fb   Thumb Code     2  use_no_semi.o(.text)
    SystemInit                               0x00000301   Thumb Code   552  system_lpc17xx.o(.text)
    enable_timer                             0x0000056f   Thumb Code    20  lib_timer.o(.text)
    disable_timer                            0x00000583   Thumb Code    20  lib_timer.o(.text)
    reset_timer                              0x00000597   Thumb Code    30  lib_timer.o(.text)
    init_timer                               0x000005b5   Thumb Code    60  lib_timer.o(.text)
    LCD_Initialization                       0x00000b7f   Thumb Code 12014  glcd.o(.text)
    LCD_Clear                                0x00003a6d   Thumb Code  1520  glcd.o(.text)
    LCD_GetPoint                             0x00004077   Thumb Code   994  glcd.o(.text)
    LCD_SetPoint                             0x00004459   Thumb Code   206  glcd.o(.text)
    LCD_DrawLine                             0x00004527   Thumb Code   250  glcd.o(.text)
    PutChar                                  0x00004621   Thumb Code   100  glcd.o(.text)
    GUI_Text                                 0x00004685   Thumb Code    80  glcd.o(.text)
    RIT_IRQHandler                           0x000046d9   Thumb Code   232  irq_rit.o(.text)
    enable_RIT                               0x000047d5   Thumb Code    14  lib_rit.o(.text)
    disable_RIT                              0x000047e3   Thumb Code    14  lib_rit.o(.text)
    reset_RIT                                0x000047f1   Thumb Code     8  lib_rit.o(.text)
    init_RIT                                 0x000047f9   Thumb Code    98  lib_rit.o(.text)
    INT0_function                            0x00004869   Thumb Code    24  irq_button.o(.text)
    KEY1_function                            0x00004881   Thumb Code    80  irq_button.o(.text)
    KEY2_function                            0x000048d1   Thumb Code    24  irq_button.o(.text)
    EINT0_IRQHandler                         0x000048e9   Thumb Code    32  irq_button.o(.text)
    EINT1_IRQHandler                         0x00004909   Thumb Code    32  irq_button.o(.text)
    EINT2_IRQHandler                         0x00004929   Thumb Code    32  irq_button.o(.text)
    BUTTON_init                              0x000049c7   Thumb Code   124  lib_button.o(.text)
    enable_button                            0x00004a43   Thumb Code    30  lib_button.o(.text)
    disable_button                           0x00004a61   Thumb Code    54  lib_button.o(.text)
    disabled_button                          0x00004a97   Thumb Code    28  lib_button.o(.text)
    joystick_controller                      0x00004af7   Thumb Code   256  funct_joystick.o(.text)
    joystick_init                            0x00004c0d   Thumb Code   122  lib_joystick.o(.text)
    drawChessPlatform                        0x00004c91   Thumb Code   264  interface.o(.text)
    drawToken                                0x00004d99   Thumb Code    84  interface.o(.text)
    writeWallsStats                          0x00004ded   Thumb Code   112  interface.o(.text)
    writeTimeRemaining                       0x00004e5d   Thumb Code    74  interface.o(.text)
    drawSquareArea                           0x00004ea7   Thumb Code    80  interface.o(.text)
    drawWall                                 0x00004ef7   Thumb Code   168  interface.o(.text)
    clearMessage                             0x00004f9f   Thumb Code    74  interface.o(.text)
    writeMessage                             0x00004fe9   Thumb Code    70  interface.o(.text)
    getOtherPlayer                           0x0000533d   Thumb Code     8  quoridor.o(.text)
    setMode                                  0x00005965   Thumb Code    18  quoridor.o(.text)
    initGame                                 0x000059b7   Thumb Code    16  quoridor.o(.text)
    highliteAdj                              0x000059c7   Thumb Code    60  quoridor.o(.text)
    setPlayer                                0x00005a03   Thumb Code   102  quoridor.o(.text)
    eraseHighlightedAdj                      0x00005a69   Thumb Code    50  quoridor.o(.text)
    setNextPos                               0x00005a9b   Thumb Code    98  quoridor.o(.text)
    saveMove                                 0x00005afd   Thumb Code    34  quoridor.o(.text)
    move                                     0x00005b1f   Thumb Code   170  quoridor.o(.text)
    newWall                                  0x00005bc9   Thumb Code    62  quoridor.o(.text)
    rotateWall                               0x00005c07   Thumb Code   234  quoridor.o(.text)
    confirmWall                              0x00005cf1   Thumb Code   268  quoridor.o(.text)
    undoWall                                 0x00005dfd   Thumb Code   144  quoridor.o(.text)
    setNextWall                              0x00005e8d   Thumb Code   108  quoridor.o(.text)
    isEmpty                                  0x00005f11   Thumb Code    34  queue.o(.text)
    initQueue                                0x00005f33   Thumb Code    52  queue.o(.text)
    enqueue                                  0x00005f67   Thumb Code    48  queue.o(.text)
    dequeue                                  0x00005f97   Thumb Code    56  queue.o(.text)
    newCoord                                 0x00005fe7   Thumb Code    16  coordinates.o(.text)
    changeCoord                              0x00005ff7   Thumb Code    30  coordinates.o(.text)
    equalCoordX                              0x00006015   Thumb Code    20  coordinates.o(.text)
    equalCoordY                              0x00006029   Thumb Code    20  coordinates.o(.text)
    equalCoord                               0x0000603d   Thumb Code    32  coordinates.o(.text)
    coordCmpX                                0x0000605d   Thumb Code    12  coordinates.o(.text)
    coordCmpY                                0x00006069   Thumb Code    12  coordinates.o(.text)
    coordDiffX                               0x00006075   Thumb Code    12  coordinates.o(.text)
    coordDiffY                               0x00006081   Thumb Code    12  coordinates.o(.text)
    coordDistX                               0x0000608d   Thumb Code    20  coordinates.o(.text)
    coordDistY                               0x000060a1   Thumb Code    20  coordinates.o(.text)
    __aeabi_llsl                             0x000060b5   Thumb Code     0  llshl.o(.text)
    _ll_shift_l                              0x000060b5   Thumb Code    38  llshl.o(.text)
    strcpy                                   0x000060db   Thumb Code    72  strcpy.o(.text)
    strlen                                   0x00006123   Thumb Code    62  strlen.o(.text)
    strcat                                   0x00006161   Thumb Code    24  strcat.o(.text)
    __aeabi_memcpy                           0x00006179   Thumb Code     0  rt_memcpy_v6.o(.text)
    __rt_memcpy                              0x00006179   Thumb Code   138  rt_memcpy_v6.o(.text)
    _memcpy_lastbytes                        0x000061df   Thumb Code     0  rt_memcpy_v6.o(.text)
    __aeabi_memcpy4                          0x00006203   Thumb Code     0  rt_memcpy_w.o(.text)
    __aeabi_memcpy8                          0x00006203   Thumb Code     0  rt_memcpy_w.o(.text)
    __rt_memcpy_w                            0x00006203   Thumb Code   100  rt_memcpy_w.o(.text)
    _memcpy_lastbytes_aligned                0x0000624b   Thumb Code     0  rt_memcpy_w.o(.text)
    __user_setup_stackheap                   0x00006267   Thumb Code    74  sys_stackheap_outer.o(.text)
    exit                                     0x000062b1   Thumb Code    18  exit.o(.text)
    __user_libspace                          0x000062c5   Thumb Code     8  libspace.o(.text)
    __user_perproc_libspace                  0x000062c5   Thumb Code     0  libspace.o(.text)
    __user_perthread_libspace                0x000062c5   Thumb Code     0  libspace.o(.text)
    _sys_exit                                0x000062cd   Thumb Code     8  sys_exit.o(.text)
    __semihosting_library_function           0x000062d9   Thumb Code     0  indicate_semi.o(.text)
    START_POS_PLAYER1                        0x000068f0   Data           8  quoridor.o(.constdata)
    START_POS_PLAYER2                        0x000068f8   Data           8  quoridor.o(.constdata)
    WALL_DEFAULT_POS                         0x00006900   Data           8  quoridor.o(.constdata)
    PLAYER_COLORS                            0x00006908   Data           8  quoridor.o(.constdata)
    WALL_COLORS                              0x00006910   Data           8  quoridor.o(.constdata)
    moves                                    0x00006918   Data          32  quoridor.o(.constdata)
    Region$$Table$$Base                      0x00006958   Number         0  anon$$obj.o(Region$$Table)
    Region$$Table$$Limit                     0x00006988   Number         0  anon$$obj.o(Region$$Table)
    SystemFrequency                          0x2007c000   Data           4  system_lpc17xx.o(.data)
    ScaleFlag                                0x2007c004   Data           1  system_lpc17xx.o(.data)
    down_int0                                0x2007c008   Data           4  irq_rit.o(.data)
    down_key1                                0x2007c00c   Data           4  irq_rit.o(.data)
    down_key2                                0x2007c010   Data           4  irq_rit.o(.data)
    nextPos                                  0x2007c014   Data           8  quoridor.o(.data)
    ms                                       0x2007c038   Data         284  quoridor.o(.bss)
    message                                  0x2007c154   Data          31  quoridor.o(.bss)
    __libspace_start                         0x2007c174   Data          96  libspace.o(.bss)
    __temporary_stack_top$libspace           0x2007c1d4   Data           0  libspace.o(.bss)



==============================================================================

Memory Map of the image

  Image Entry point : 0x000000cd

  Load Region LR_IROM1 (Base: 0x00000000, Size: 0x000069ac, Max: 0x00080000, ABSOLUTE)

    Execution Region ER_IROM1 (Exec base: 0x00000000, Load base: 0x00000000, Size: 0x00006988, Max: 0x00080000, ABSOLUTE)

    Exec Addr    Load Addr    Size         Type   Attr      Idx    E Section Name        Object

    0x00000000   0x00000000   0x000000cc   Data   RO            3    RESET               startup_lpc17xx.o
    0x000000cc   0x000000cc   0x00000008   Code   RO          594  * !!!main             c_w.l(__main.o)
    0x000000d4   0x000000d4   0x00000034   Code   RO          753    !!!scatter          c_w.l(__scatter.o)
    0x00000108   0x00000108   0x0000001a   Code   RO          755    !!handler_copy      c_w.l(__scatter_copy.o)
    0x00000122   0x00000122   0x00000002   PAD
    0x00000124   0x00000124   0x0000001c   Code   RO          757    !!handler_zi        c_w.l(__scatter_zi.o)
    0x00000140   0x00000140   0x00000002   Code   RO          621    .ARM.Collect$$libinit$$00000000  c_w.l(libinit.o)
    0x00000142   0x00000142   0x00000000   Code   RO          628    .ARM.Collect$$libinit$$00000002  c_w.l(libinit2.o)
    0x00000142   0x00000142   0x00000000   Code   RO          630    .ARM.Collect$$libinit$$00000004  c_w.l(libinit2.o)
    0x00000142   0x00000142   0x00000000   Code   RO          633    .ARM.Collect$$libinit$$0000000A  c_w.l(libinit2.o)
    0x00000142   0x00000142   0x00000000   Code   RO          635    .ARM.Collect$$libinit$$0000000C  c_w.l(libinit2.o)
    0x00000142   0x00000142   0x00000000   Code   RO          637    .ARM.Collect$$libinit$$0000000E  c_w.l(libinit2.o)
    0x00000142   0x00000142   0x00000000   Code   RO          640    .ARM.Collect$$libinit$$00000011  c_w.l(libinit2.o)
    0x00000142   0x00000142   0x00000000   Code   RO          642    .ARM.Collect$$libinit$$00000013  c_w.l(libinit2.o)
    0x00000142   0x00000142   0x00000000   Code   RO          644    .ARM.Collect$$libinit$$00000015  c_w.l(libinit2.o)
    0x00000142   0x00000142   0x00000000   Code   RO          646    .ARM.Collect$$libinit$$00000017  c_w.l(libinit2.o)
    0x00000142   0x00000142   0x00000000   Code   RO          648    .ARM.Collect$$libinit$$00000019  c_w.l(libinit2.o)
    0x00000142   0x00000142   0x00000000   Code   RO          650    .ARM.Collect$$libinit$$0000001B  c_w.l(libinit2.o)
    0x00000142   0x00000142   0x00000000   Code   RO          652    .ARM.Collect$$libinit$$0000001D  c_w.l(libinit2.o)
    0x00000142   0x00000142   0x00000000   Code   RO          654    .ARM.Collect$$libinit$$0000001F  c_w.l(libinit2.o)
    0x00000142   0x00000142   0x00000000   Code   RO          656    .ARM.Collect$$libinit$$00000021  c_w.l(libinit2.o)
    0x00000142   0x00000142   0x00000000   Code   RO          658    .ARM.Collect$$libinit$$00000023  c_w.l(libinit2.o)
    0x00000142   0x00000142   0x00000000   Code   RO          660    .ARM.Collect$$libinit$$00000025  c_w.l(libinit2.o)
    0x00000142   0x00000142   0x00000000   Code   RO          664    .ARM.Collect$$libinit$$0000002C  c_w.l(libinit2.o)
    0x00000142   0x00000142   0x00000000   Code   RO          666    .ARM.Collect$$libinit$$0000002E  c_w.l(libinit2.o)
    0x00000142   0x00000142   0x00000000   Code   RO          668    .ARM.Collect$$libinit$$00000030  c_w.l(libinit2.o)
    0x00000142   0x00000142   0x00000000   Code   RO          670    .ARM.Collect$$libinit$$00000032  c_w.l(libinit2.o)
    0x00000142   0x00000142   0x00000002   Code   RO          671    .ARM.Collect$$libinit$$00000033  c_w.l(libinit2.o)
    0x00000144   0x00000144   0x00000002   Code   RO          691    .ARM.Collect$$libshutdown$$00000000  c_w.l(libshutdown.o)
    0x00000146   0x00000146   0x00000000   Code   RO          704    .ARM.Collect$$libshutdown$$00000002  c_w.l(libshutdown2.o)
    0x00000146   0x00000146   0x00000000   Code   RO          706    .ARM.Collect$$libshutdown$$00000004  c_w.l(libshutdown2.o)
    0x00000146   0x00000146   0x00000000   Code   RO          708    .ARM.Collect$$libshutdown$$00000006  c_w.l(libshutdown2.o)
    0x00000146   0x00000146   0x00000000   Code   RO          711    .ARM.Collect$$libshutdown$$00000009  c_w.l(libshutdown2.o)
    0x00000146   0x00000146   0x00000000   Code   RO          714    .ARM.Collect$$libshutdown$$0000000C  c_w.l(libshutdown2.o)
    0x00000146   0x00000146   0x00000000   Code   RO          716    .ARM.Collect$$libshutdown$$0000000E  c_w.l(libshutdown2.o)
    0x00000146   0x00000146   0x00000000   Code   RO          719    .ARM.Collect$$libshutdown$$00000011  c_w.l(libshutdown2.o)
    0x00000146   0x00000146   0x00000002   Code   RO          720    .ARM.Collect$$libshutdown$$00000012  c_w.l(libshutdown2.o)
    0x00000148   0x00000148   0x00000000   Code   RO          596    .ARM.Collect$$rtentry$$00000000  c_w.l(__rtentry.o)
    0x00000148   0x00000148   0x00000000   Code   RO          598    .ARM.Collect$$rtentry$$00000002  c_w.l(__rtentry2.o)
    0x00000148   0x00000148   0x00000006   Code   RO          610    .ARM.Collect$$rtentry$$00000004  c_w.l(__rtentry4.o)
    0x0000014e   0x0000014e   0x00000000   Code   RO          600    .ARM.Collect$$rtentry$$00000009  c_w.l(__rtentry2.o)
    0x0000014e   0x0000014e   0x00000004   Code   RO          601    .ARM.Collect$$rtentry$$0000000A  c_w.l(__rtentry2.o)
    0x00000152   0x00000152   0x00000000   Code   RO          603    .ARM.Collect$$rtentry$$0000000C  c_w.l(__rtentry2.o)
    0x00000152   0x00000152   0x00000008   Code   RO          604    .ARM.Collect$$rtentry$$0000000D  c_w.l(__rtentry2.o)
    0x0000015a   0x0000015a   0x00000002   Code   RO          625    .ARM.Collect$$rtexit$$00000000  c_w.l(rtexit.o)
    0x0000015c   0x0000015c   0x00000000   Code   RO          673    .ARM.Collect$$rtexit$$00000002  c_w.l(rtexit2.o)
    0x0000015c   0x0000015c   0x00000004   Code   RO          674    .ARM.Collect$$rtexit$$00000003  c_w.l(rtexit2.o)
    0x00000160   0x00000160   0x00000006   Code   RO          675    .ARM.Collect$$rtexit$$00000004  c_w.l(rtexit2.o)
    0x00000166   0x00000166   0x00000002   PAD
    0x00000168   0x00000168   0x00000034   Code   RO            5    .text               startup_lpc17xx.o
    0x0000019c   0x0000019c   0x00000058   Code   RO           16    .text               sample.o
    0x000001f4   0x000001f4   0x000000e0   Code   RO          123    .text               irq_timer.o
    0x000002d4   0x000002d4   0x00000020   Code   RO          201    .text               asciilib.o
    0x000002f4   0x000002f4   0x00000006   Code   RO          592    .text               c_w.l(heapauxi.o)
    0x000002fa   0x000002fa   0x00000002   Code   RO          694    .text               c_w.l(use_no_semi.o)
    0x000002fc   0x000002fc   0x00000004   Code   RO            4    .ARM.__at_0x02FC    startup_lpc17xx.o
    0x00000300   0x00000300   0x0000024c   Code   RO           96    .text               system_lpc17xx.o
    0x0000054c   0x0000054c   0x000000a8   Code   RO          176    .text               lib_timer.o
    0x000005f4   0x000005f4   0x000040e4   Code   RO          221    .text               glcd.o
    0x000046d8   0x000046d8   0x000000fc   Code   RO          267    .text               irq_rit.o
    0x000047d4   0x000047d4   0x00000094   Code   RO          300    .text               lib_rit.o
    0x00004868   0x00004868   0x0000011c   Code   RO          328    .text               irq_button.o
    0x00004984   0x00004984   0x00000148   Code   RO          371    .text               lib_button.o
    0x00004acc   0x00004acc   0x00000140   Code   RO          399    .text               funct_joystick.o
    0x00004c0c   0x00004c0c   0x00000084   Code   RO          435    .text               lib_joystick.o
    0x00004c90   0x00004c90   0x000003b8   Code   RO          459    .text               interface.o
    0x00005048   0x00005048   0x00000ec8   Code   RO          496    .text               quoridor.o
    0x00005f10   0x00005f10   0x000000c8   Code   RO          543    .text               queue.o
    0x00005fd8   0x00005fd8   0x000000dc   Code   RO          563    .text               coordinates.o
    0x000060b4   0x000060b4   0x00000026   Code   RO          580    .text               c_w.l(llshl.o)
    0x000060da   0x000060da   0x00000048   Code   RO          582    .text               c_w.l(strcpy.o)
    0x00006122   0x00006122   0x0000003e   Code   RO          584    .text               c_w.l(strlen.o)
    0x00006160   0x00006160   0x00000018   Code   RO          586    .text               c_w.l(strcat.o)
    0x00006178   0x00006178   0x0000008a   Code   RO          588    .text               c_w.l(rt_memcpy_v6.o)
    0x00006202   0x00006202   0x00000064   Code   RO          590    .text               c_w.l(rt_memcpy_w.o)
    0x00006266   0x00006266   0x0000004a   Code   RO          612    .text               c_w.l(sys_stackheap_outer.o)
    0x000062b0   0x000062b0   0x00000012   Code   RO          614    .text               c_w.l(exit.o)
    0x000062c2   0x000062c2   0x00000002   PAD
    0x000062c4   0x000062c4   0x00000008   Code   RO          622    .text               c_w.l(libspace.o)
    0x000062cc   0x000062cc   0x0000000c   Code   RO          683    .text               c_w.l(sys_exit.o)
    0x000062d8   0x000062d8   0x00000000   Code   RO          696    .text               c_w.l(indicate_semi.o)
    0x000062d8   0x000062d8   0x000005f0   Data   RO          202    .constdata          asciilib.o
    0x000068c8   0x000068c8   0x00000028   Data   RO          401    .constdata          funct_joystick.o
    0x000068f0   0x000068f0   0x00000067   Data   RO          498    .constdata          quoridor.o
    0x00006957   0x00006957   0x00000001   PAD
    0x00006958   0x00006958   0x00000030   Data   RO          751    Region$$Table       anon$$obj.o


    Execution Region RW_IRAM1 (Exec base: 0x10000000, Load base: 0x00006988, Size: 0x00000400, Max: 0x00008000, ABSOLUTE)

    Exec Addr    Load Addr    Size         Type   Attr      Idx    E Section Name        Object

    0x10000000        -       0x00000400   Zero   RW            1    STACK               startup_lpc17xx.o


    Execution Region RW_IRAM2 (Exec base: 0x2007c000, Load base: 0x00006988, Size: 0x000001d8, Max: 0x00008000, ABSOLUTE)

    Exec Addr    Load Addr    Size         Type   Attr      Idx    E Section Name        Object

    0x2007c000   0x00006988   0x00000005   Data   RW           97    .data               system_lpc17xx.o
    0x2007c005   0x0000698d   0x00000001   Data   RW          222    .data               glcd.o
    0x2007c006   0x0000698e   0x00000002   PAD
    0x2007c008   0x00006990   0x0000000c   Data   RW          268    .data               irq_rit.o
    0x2007c014   0x0000699c   0x00000008   Data   RW          499    .data               quoridor.o
    0x2007c01c   0x000069a4   0x00000008   Data   RW          544    .data               queue.o
    0x2007c024        -       0x00000014   Zero   RW          400    .bss                funct_joystick.o
    0x2007c038        -       0x0000013b   Zero   RW          497    .bss                quoridor.o
    0x2007c173   0x000069ac   0x00000001   PAD
    0x2007c174        -       0x00000060   Zero   RW          623    .bss                c_w.l(libspace.o)
    0x2007c1d4   0x000069ac   0x00000004   PAD
    0x2007c1d8        -       0x00000000   Zero   RW            2    HEAP                startup_lpc17xx.o


==============================================================================

Image component sizes


      Code (inc. data)   RO Data    RW Data    ZI Data      Debug   Object Name

        32          6       1520          0          0       1199   asciilib.o
       220          0          0          0          0       3486   coordinates.o
       320         22         40          0         20       1098   funct_joystick.o
     16612        104          0          1          0      40263   glcd.o
       952         26          0          0          0       2903   interface.o
       284         60          0          0          0       1187   irq_button.o
       252         20          0         12          0       1017   irq_rit.o
       224          8          0          0          0      17876   irq_timer.o
       328         26          0          0          0      28030   lib_button.o
       132         10          0          0          0        532   lib_joystick.o
       148         14          0          0          0      27511   lib_rit.o
       168          4          0          0          0       1452   lib_timer.o
       200         10          0          8          0       2144   queue.o
      3784        118        103          8        315      11911   quoridor.o
        88         14          0          0          0       5023   sample.o
        56         22        204          0       1024       1120   startup_lpc17xx.o
       588         36          0          5          0       1021   system_lpc17xx.o

    ----------------------------------------------------------------------
     24388        500       1916         36       1360     147773   Object Totals
         0          0         48          0          0          0   (incl. Generated)
         0          0          1          2          1          0   (incl. Padding)

    ----------------------------------------------------------------------

      Code (inc. data)   RO Data    RW Data    ZI Data      Debug   Library Member Name

         8          0          0          0          0         68   __main.o
         0          0          0          0          0          0   __rtentry.o
        12          0          0          0          0          0   __rtentry2.o
         6          0          0          0          0          0   __rtentry4.o
        52          8          0          0          0          0   __scatter.o
        26          0          0          0          0          0   __scatter_copy.o
        28          0          0          0          0          0   __scatter_zi.o
        18          0          0          0          0         80   exit.o
         6          0          0          0          0        152   heapauxi.o
         0          0          0          0          0          0   indicate_semi.o
         2          0          0          0          0          0   libinit.o
         2          0          0          0          0          0   libinit2.o
         2          0          0          0          0          0   libshutdown.o
         2          0          0          0          0          0   libshutdown2.o
         8          4          0          0         96         68   libspace.o
        38          0          0          0          0         68   llshl.o
       138          0          0          0          0         68   rt_memcpy_v6.o
       100          0          0          0          0         80   rt_memcpy_w.o
         2          0          0          0          0          0   rtexit.o
        10          0          0          0          0          0   rtexit2.o
        24          0          0          0          0         68   strcat.o
        72          0          0          0          0         80   strcpy.o
        62          0          0          0          0         76   strlen.o
        12          4          0          0          0         68   sys_exit.o
        74          0          0          0          0         80   sys_stackheap_outer.o
         2          0          0          0          0         68   use_no_semi.o

    ----------------------------------------------------------------------
       712         16          0          0        100       1024   Library Totals
         6          0          0          0          4          0   (incl. Padding)

    ----------------------------------------------------------------------

      Code (inc. data)   RO Data    RW Data    ZI Data      Debug   Library Name

       706         16          0          0         96       1024   c_w.l

    ----------------------------------------------------------------------
       712         16          0          0        100       1024   Library Totals

    ----------------------------------------------------------------------

==============================================================================


      Code (inc. data)   RO Data    RW Data    ZI Data      Debug   

     25100        516       1916         36       1460     147441   Grand Totals
     25100        516       1916         36       1460     147441   ELF Image Totals
     25100        516       1916         36          0          0   ROM Totals

==============================================================================

    Total RO  Size (Code + RO Data)                27016 (  26.38kB)
    Total RW  Size (RW Data + ZI Data)              1496 (   1.46kB)
    Total ROM Size (Code + RO Data + RW Data)      27052 (  26.42kB)

==============================================================================

